Archive member included to satisfy reference by file (symbol)

d:/embedded/stm32cubeide_1.7.0/stm32cubeide/plugins/com.st.stm32cube.ide.mcu.externaltools.gnu-tools-for-stm32.9-2020-q2-update.win32_2.0.0.202105311346/tools/bin/../lib/gcc/arm-none-eabi/9.3.1/../../../../arm-none-eabi/lib/thumb/v7-m/nofp\libc_nano.a(lib_a-errno.o)
                              ./Core/Src/syscalls.o (__errno)
d:/embedded/stm32cubeide_1.7.0/stm32cubeide/plugins/com.st.stm32cube.ide.mcu.externaltools.gnu-tools-for-stm32.9-2020-q2-update.win32_2.0.0.202105311346/tools/bin/../lib/gcc/arm-none-eabi/9.3.1/../../../../arm-none-eabi/lib/thumb/v7-m/nofp\libc_nano.a(lib_a-exit.o)
                              d:/embedded/stm32cubeide_1.7.0/stm32cubeide/plugins/com.st.stm32cube.ide.mcu.externaltools.gnu-tools-for-stm32.9-2020-q2-update.win32_2.0.0.202105311346/tools/bin/../lib/gcc/arm-none-eabi/9.3.1/../../../../arm-none-eabi/lib/thumb/v7-m/nofp/crt0.o (exit)
d:/embedded/stm32cubeide_1.7.0/stm32cubeide/plugins/com.st.stm32cube.ide.mcu.externaltools.gnu-tools-for-stm32.9-2020-q2-update.win32_2.0.0.202105311346/tools/bin/../lib/gcc/arm-none-eabi/9.3.1/../../../../arm-none-eabi/lib/thumb/v7-m/nofp\libc_nano.a(lib_a-impure.o)
                              d:/embedded/stm32cubeide_1.7.0/stm32cubeide/plugins/com.st.stm32cube.ide.mcu.externaltools.gnu-tools-for-stm32.9-2020-q2-update.win32_2.0.0.202105311346/tools/bin/../lib/gcc/arm-none-eabi/9.3.1/../../../../arm-none-eabi/lib/thumb/v7-m/nofp\libc_nano.a(lib_a-exit.o) (_global_impure_ptr)
d:/embedded/stm32cubeide_1.7.0/stm32cubeide/plugins/com.st.stm32cube.ide.mcu.externaltools.gnu-tools-for-stm32.9-2020-q2-update.win32_2.0.0.202105311346/tools/bin/../lib/gcc/arm-none-eabi/9.3.1/../../../../arm-none-eabi/lib/thumb/v7-m/nofp\libc_nano.a(lib_a-init.o)
                              d:/embedded/stm32cubeide_1.7.0/stm32cubeide/plugins/com.st.stm32cube.ide.mcu.externaltools.gnu-tools-for-stm32.9-2020-q2-update.win32_2.0.0.202105311346/tools/bin/../lib/gcc/arm-none-eabi/9.3.1/../../../../arm-none-eabi/lib/thumb/v7-m/nofp/crt0.o (__libc_init_array)
d:/embedded/stm32cubeide_1.7.0/stm32cubeide/plugins/com.st.stm32cube.ide.mcu.externaltools.gnu-tools-for-stm32.9-2020-q2-update.win32_2.0.0.202105311346/tools/bin/../lib/gcc/arm-none-eabi/9.3.1/../../../../arm-none-eabi/lib/thumb/v7-m/nofp\libc_nano.a(lib_a-memset.o)
                              d:/embedded/stm32cubeide_1.7.0/stm32cubeide/plugins/com.st.stm32cube.ide.mcu.externaltools.gnu-tools-for-stm32.9-2020-q2-update.win32_2.0.0.202105311346/tools/bin/../lib/gcc/arm-none-eabi/9.3.1/../../../../arm-none-eabi/lib/thumb/v7-m/nofp/crt0.o (memset)
d:/embedded/stm32cubeide_1.7.0/stm32cubeide/plugins/com.st.stm32cube.ide.mcu.externaltools.gnu-tools-for-stm32.9-2020-q2-update.win32_2.0.0.202105311346/tools/bin/../lib/gcc/arm-none-eabi/9.3.1/../../../../arm-none-eabi/lib/thumb/v7-m/nofp\libc_nano.a(lib_a-sprintf.o)
                              ./Core/Src/fsm_modify.o (sprintf)
d:/embedded/stm32cubeide_1.7.0/stm32cubeide/plugins/com.st.stm32cube.ide.mcu.externaltools.gnu-tools-for-stm32.9-2020-q2-update.win32_2.0.0.202105311346/tools/bin/../lib/gcc/arm-none-eabi/9.3.1/../../../../arm-none-eabi/lib/thumb/v7-m/nofp\libc_nano.a(lib_a-nano-svfprintf.o)
                              d:/embedded/stm32cubeide_1.7.0/stm32cubeide/plugins/com.st.stm32cube.ide.mcu.externaltools.gnu-tools-for-stm32.9-2020-q2-update.win32_2.0.0.202105311346/tools/bin/../lib/gcc/arm-none-eabi/9.3.1/../../../../arm-none-eabi/lib/thumb/v7-m/nofp\libc_nano.a(lib_a-sprintf.o) (_svfprintf_r)
d:/embedded/stm32cubeide_1.7.0/stm32cubeide/plugins/com.st.stm32cube.ide.mcu.externaltools.gnu-tools-for-stm32.9-2020-q2-update.win32_2.0.0.202105311346/tools/bin/../lib/gcc/arm-none-eabi/9.3.1/../../../../arm-none-eabi/lib/thumb/v7-m/nofp\libc_nano.a(lib_a-nano-vfprintf_i.o)
                              d:/embedded/stm32cubeide_1.7.0/stm32cubeide/plugins/com.st.stm32cube.ide.mcu.externaltools.gnu-tools-for-stm32.9-2020-q2-update.win32_2.0.0.202105311346/tools/bin/../lib/gcc/arm-none-eabi/9.3.1/../../../../arm-none-eabi/lib/thumb/v7-m/nofp\libc_nano.a(lib_a-nano-svfprintf.o) (_printf_i)
d:/embedded/stm32cubeide_1.7.0/stm32cubeide/plugins/com.st.stm32cube.ide.mcu.externaltools.gnu-tools-for-stm32.9-2020-q2-update.win32_2.0.0.202105311346/tools/bin/../lib/gcc/arm-none-eabi/9.3.1/../../../../arm-none-eabi/lib/thumb/v7-m/nofp\libc_nano.a(lib_a-memchr-stub.o)
                              d:/embedded/stm32cubeide_1.7.0/stm32cubeide/plugins/com.st.stm32cube.ide.mcu.externaltools.gnu-tools-for-stm32.9-2020-q2-update.win32_2.0.0.202105311346/tools/bin/../lib/gcc/arm-none-eabi/9.3.1/../../../../arm-none-eabi/lib/thumb/v7-m/nofp\libc_nano.a(lib_a-nano-svfprintf.o) (memchr)
[...]
Memory Configuration

Name             Origin             Length             Attributes
RAM              0x0000000020000000 0x0000000000005000 xrw
FLASH            0x0000000008000000 0x0000000000020000 xr
*default*        0x0000000000000000 0xffffffffffffffff

Linker script and memory map

LOAD d:/embedded/stm32cubeide_1.7.0/stm32cubeide/plugins/com.st.stm32cube.ide.mcu.externaltools.gnu-tools-for-stm32.9-2020-q2-update.win32_2.0.0.202105311346/tools/bin/../lib/gcc/arm-none-eabi/9.3.1/thumb/v7-m/nofp/crti.o
LOAD d:/embedded/stm32cubeide_1.7.0/stm32cubeide/plugins/com.st.stm32cube.ide.mcu.externaltools.gnu-tools-for-stm32.9-2020-q2-update.win32_2.0.0.202105311346/tools/bin/../lib/gcc/arm-none-eabi/9.3.1/thumb/v7-m/nofp/crtbegin.o
LOAD d:/embedded/stm32cubeide_1.7.0/stm32cubeide/plugins/com.st.stm32cube.ide.mcu.externaltools.gnu-tools-for-stm32.9-2020-q2-update.win32_2.0.0.202105311346/tools/bin/../lib/gcc/arm-none-eabi/9.3.1/../../../../arm-none-eabi/lib/thumb/v7-m/nofp/crt0.o
LOAD ./Core/Src/Pedestrian.o
LOAD ./Core/Src/button.o
LOAD ./Core/Src/fsm_display_seg.o
LOAD ./Core/Src/fsm_modify.o
LOAD ./Core/Src/fsm_modify_green.o
LOAD ./Core/Src/fsm_modify_yellow.o
LOAD ./Core/Src/fsm_trafficlight.o
LOAD ./Core/Src/fsm_trafficlight_manual.o
LOAD ./Core/Src/global.o
LOAD ./Core/Src/main.o
LOAD ./Core/Src/software_timer.o
LOAD ./Core/Src/stm32f1xx_hal_msp.o
LOAD ./Core/Src/stm32f1xx_it.o
LOAD ./Core/Src/syscalls.o
LOAD ./Core/Src/sysmem.o
LOAD ./Core/Src/system_stm32f1xx.o
LOAD ./Core/Startup/startup_stm32f103rbtx.o
LOAD ./Drivers/STM32F1xx_HAL_Driver/Src/stm32f1xx_hal.o
LOAD ./Drivers/STM32F1xx_HAL_Driver/Src/stm32f1xx_hal_cortex.o
LOAD ./Drivers/STM32F1xx_HAL_Driver/Src/stm32f1xx_hal_dma.o
LOAD ./Drivers/STM32F1xx_HAL_Driver/Src/stm32f1xx_hal_exti.o
LOAD ./Drivers/STM32F1xx_HAL_Driver/Src/stm32f1xx_hal_flash.o
LOAD ./Drivers/STM32F1xx_HAL_Driver/Src/stm32f1xx_hal_flash_ex.o
LOAD ./Drivers/STM32F1xx_HAL_Driver/Src/stm32f1xx_hal_gpio.o
LOAD ./Drivers/STM32F1xx_HAL_Driver/Src/stm32f1xx_hal_gpio_ex.o
LOAD ./Drivers/STM32F1xx_HAL_Driver/Src/stm32f1xx_hal_pwr.o
LOAD ./Drivers/STM32F1xx_HAL_Driver/Src/stm32f1xx_hal_rcc.o
LOAD ./Drivers/STM32F1xx_HAL_Driver/Src/stm32f1xx_hal_rcc_ex.o
LOAD ./Drivers/STM32F1xx_HAL_Driver/Src/stm32f1xx_hal_tim.o
LOAD ./Drivers/STM32F1xx_HAL_Driver/Src/stm32f1xx_hal_tim_ex.o
LOAD ./Drivers/STM32F1xx_HAL_Driver/Src/stm32f1xx_hal_uart.o
START GROUP
LOAD d:/embedded/stm32cubeide_1.7.0/stm32cubeide/plugins/com.st.stm32cube.ide.mcu.externaltools.gnu-tools-for-stm32.9-2020-q2-update.win32_2.0.0.202105311346/tools/bin/../lib/gcc/arm-none-eabi/9.3.1/../../../../arm-none-eabi/lib/thumb/v7-m/nofp\libc_nano.a
LOAD d:/embedded/stm32cubeide_1.7.0/stm32cubeide/plugins/com.st.stm32cube.ide.mcu.externaltools.gnu-tools-for-stm32.9-2020-q2-update.win32_2.0.0.202105311346/tools/bin/../lib/gcc/arm-none-eabi/9.3.1/../../../../arm-none-eabi/lib/thumb/v7-m/nofp\libm.a
END GROUP
START GROUP
LOAD d:/embedded/stm32cubeide_1.7.0/stm32cubeide/plugins/com.st.stm32cube.ide.mcu.externaltools.gnu-tools-for-stm32.9-2020-q2-update.win32_2.0.0.202105311346/tools/bin/../lib/gcc/arm-none-eabi/9.3.1/thumb/v7-m/nofp\libgcc.a
LOAD d:/embedded/stm32cubeide_1.7.0/stm32cubeide/plugins/com.st.stm32cube.ide.mcu.externaltools.gnu-tools-for-stm32.9-2020-q2-update.win32_2.0.0.202105311346/tools/bin/../lib/gcc/arm-none-eabi/9.3.1/../../../../arm-none-eabi/lib/thumb/v7-m/nofp\libc_nano.a
END GROUP
START GROUP
LOAD d:/embedded/stm32cubeide_1.7.0/stm32cubeide/plugins/com.st.stm32cube.ide.mcu.externaltools.gnu-tools-for-stm32.9-2020-q2-update.win32_2.0.0.202105311346/tools/bin/../lib/gcc/arm-none-eabi/9.3.1/thumb/v7-m/nofp\libgcc.a
LOAD d:/embedded/stm32cubeide_1.7.0/stm32cubeide/plugins/com.st.stm32cube.ide.mcu.externaltools.gnu-tools-for-stm32.9-2020-q2-update.win32_2.0.0.202105311346/tools/bin/../lib/gcc/arm-none-eabi/9.3.1/../../../../arm-none-eabi/lib/thumb/v7-m/nofp\libc_nano.a
LOAD d:/embedded/stm32cubeide_1.7.0/stm32cubeide/plugins/com.st.stm32cube.ide.mcu.externaltools.gnu-tools-for-stm32.9-2020-q2-update.win32_2.0.0.202105311346/tools/bin/../lib/gcc/arm-none-eabi/9.3.1/../../../../arm-none-eabi/lib/thumb/v7-m/nofp\libnosys.a
END GROUP
START GROUP
LOAD d:/embedded/stm32cubeide_1.7.0/stm32cubeide/plugins/com.st.stm32cube.ide.mcu.externaltools.gnu-tools-for-stm32.9-2020-q2-update.win32_2.0.0.202105311346/tools/bin/../lib/gcc/arm-none-eabi/9.3.1/thumb/v7-m/nofp\libgcc.a
LOAD d:/embedded/stm32cubeide_1.7.0/stm32cubeide/plugins/com.st.stm32cube.ide.mcu.externaltools.gnu-tools-for-stm32.9-2020-q2-update.win32_2.0.0.202105311346/tools/bin/../lib/gcc/arm-none-eabi/9.3.1/../../../../arm-none-eabi/lib/thumb/v7-m/nofp\libc_nano.a
LOAD d:/embedded/stm32cubeide_1.7.0/stm32cubeide/plugins/com.st.stm32cube.ide.mcu.externaltools.gnu-tools-for-stm32.9-2020-q2-update.win32_2.0.0.202105311346/tools/bin/../lib/gcc/arm-none-eabi/9.3.1/../../../../arm-none-eabi/lib/thumb/v7-m/nofp\libnosys.a
END GROUP
LOAD d:/embedded/stm32cubeide_1.7.0/stm32cubeide/plugins/com.st.stm32cube.ide.mcu.externaltools.gnu-tools-for-stm32.9-2020-q2-update.win32_2.0.0.202105311346/tools/bin/../lib/gcc/arm-none-eabi/9.3.1/thumb/v7-m/nofp/crtend.o
LOAD d:/embedded/stm32cubeide_1.7.0/stm32cubeide/plugins/com.st.stm32cube.ide.mcu.externaltools.gnu-tools-for-stm32.9-2020-q2-update.win32_2.0.0.202105311346/tools/bin/../lib/gcc/arm-none-eabi/9.3.1/thumb/v7-m/nofp/crtn.o
                0x0000000020005000                _estack = (ORIGIN (RAM) + LENGTH (RAM))
                0x0000000000000200                _Min_Heap_Size = 0x200
                0x0000000000000400                _Min_Stack_Size = 0x400

.isr_vector     0x0000000008000000      0x10c
                0x0000000008000000                . = ALIGN (0x4)
 *(.isr_vector)
 .isr_vector    0x0000000008000000      0x10c ./Core/Startup/startup_stm32f103rbtx.o
                0x0000000008000000                g_pfnVectors
                0x000000000800010c                . = ALIGN (0x4)

.text           0x000000000800010c     0x4930
                0x000000000800010c                . = ALIGN (0x4)
 *(.text)
 .text          0x000000000800010c       0x40 d:/embedded/stm32cubeide_1.7.0/stm32cubeide/plugins/com.st.stm32cube.ide.mcu.externaltools.gnu-tools-for-stm32.9-2020-q2-update.win32_2.0.0.202105311346/tools/bin/../lib/gcc/arm-none-eabi/9.3.1/thumb/v7-m/nofp/crtbegin.o
 .text          0x000000000800014c      0x21c d:/embedded/stm32cubeide_1.7.0/stm32cubeide/plugins/com.st.stm32cube.ide.mcu.externaltools.gnu-tools-for-stm32.9-2020-q2-update.win32_2.0.0.202105311346/tools/bin/../lib/gcc/arm-none-eabi/9.3.1/thumb/v7-m/nofp\libgcc.a(_arm_addsubsf3.o)
                0x000000000800014c                __aeabi_frsub
                0x0000000008000154                __subsf3
                0x0000000008000154                __aeabi_fsub
                0x0000000008000158                __aeabi_fadd
                0x0000000008000158                __addsf3
                0x00000000080002b8                __aeabi_ui2f
                0x00000000080002b8                __floatunsisf
                0x00000000080002c0                __aeabi_i2f
                0x00000000080002c0                __floatsisf
                0x00000000080002dc                __aeabi_ul2f
                0x00000000080002dc                __floatundisf
                0x00000000080002ec                __aeabi_l2f
                0x00000000080002ec                __floatdisf
 .text          0x0000000008000368      0x2a0 d:/embedded/stm32cubeide_1.7.0/stm32cubeide/plugins/com.st.stm32cube.ide.mcu.externaltools.gnu-tools-for-stm32.9-2020-q2-update.win32_2.0.0.202105311346/tools/bin/../lib/gcc/arm-none-eabi/9.3.1/thumb/v7-m/nofp\libgcc.a(_arm_muldivsf3.o)
                0x0000000008000368                __mulsf3
                0x0000000008000368                __aeabi_fmul
                0x00000000080004d0                __aeabi_fdiv
                0x00000000080004d0                __divsf3
 .text          0x0000000008000608       0xec d:/embedded/stm32cubeide_1.7.0/stm32cubeide/plugins/com.st.stm32cube.ide.mcu.externaltools.gnu-tools-for-stm32.9-2020-q2-update.win32_2.0.0.202105311346/tools/bin/../lib/gcc/arm-none-eabi/9.3.1/thumb/v7-m/nofp\libgcc.a(_arm_cmpsf2.o)
                0x0000000008000608                __gesf2
                0x0000000008000608                __gtsf2
                0x0000000008000610                __lesf2
                0x0000000008000610                __ltsf2
                0x0000000008000618                __nesf2
                0x0000000008000618                __eqsf2
                0x0000000008000618                __cmpsf2
                0x0000000008000678                __aeabi_cfrcmple
                0x0000000008000680                __aeabi_cfcmpeq
                0x0000000008000680                __aeabi_cfcmple
                0x0000000008000690                __aeabi_fcmpeq
                0x00000000080006a4                __aeabi_fcmplt
                0x00000000080006b8                __aeabi_fcmple
                0x00000000080006cc                __aeabi_fcmpge
                0x00000000080006e0                __aeabi_fcmpgt
 .text          0x00000000080006f4       0x4c d:/embedded/stm32cubeide_1.7.0/stm32cubeide/plugins/com.st.stm32cube.ide.mcu.externaltools.gnu-tools-for-stm32.9-2020-q2-update.win32_2.0.0.202105311346/tools/bin/../lib/gcc/arm-none-eabi/9.3.1/thumb/v7-m/nofp\libgcc.a(_arm_fixsfsi.o)
                0x00000000080006f4                __aeabi_f2iz
                0x00000000080006f4                __fixsfsi
 *(.text*)
 .text.Pedestrian_run
                0x0000000008000740      0x174 ./Core/Src/Pedestrian.o
                0x0000000008000740                Pedestrian_run
 .text.buzzer_run
                0x00000000080008b4       0x30 ./Core/Src/Pedestrian.o
                0x00000000080008b4                buzzer_run
 .text.mapFloat
                0x00000000080008e4       0x82 ./Core/Src/Pedestrian.o
                0x00000000080008e4                mapFloat
 *fill*         0x0000000008000966        0x2 
 .text.Is_button1_pressed
                0x0000000008000968       0x24 ./Core/Src/button.o
                0x0000000008000968                Is_button1_pressed
 .text.Is_button2_pressed
                0x000000000800098c       0x24 ./Core/Src/button.o
                0x000000000800098c                Is_button2_pressed
 .text.Is_button3_pressed
                0x00000000080009b0       0x24 ./Core/Src/button.o
                0x00000000080009b0                Is_button3_pressed
 .text.Is_buttonPED_pressed
                0x00000000080009d4       0x24 ./Core/Src/button.o
                0x00000000080009d4                Is_buttonPED_pressed
 .text.Sub_key_pressed
                0x00000000080009f8       0x54 ./Core/Src/button.o
                0x00000000080009f8                Sub_key_pressed
 .text.Button_undebounce
                0x0000000008000a4c      0x138 ./Core/Src/button.o
                0x0000000008000a4c                Button_undebounce
 .text.red_seg_update
                0x0000000008000b84       0x80 ./Core/Src/fsm_display_seg.o
                0x0000000008000b84                red_seg_update
 .text.red_modify_update
                0x0000000008000c04       0x58 ./Core/Src/fsm_display_seg.o
                0x0000000008000c04                red_modify_update
 .text.yellow_seg_update
                0x0000000008000c5c       0x7c ./Core/Src/fsm_display_seg.o
                0x0000000008000c5c                yellow_seg_update
 .text.yellow_modify_update
                0x0000000008000cd8       0x58 ./Core/Src/fsm_display_seg.o
                0x0000000008000cd8                yellow_modify_update
 .text.green_seg_update
                0x0000000008000d30       0x80 ./Core/Src/fsm_display_seg.o
                0x0000000008000d30                green_seg_update
 .text.green_modify_update
                0x0000000008000db0       0x58 ./Core/Src/fsm_display_seg.o
                0x0000000008000db0                green_modify_update
 .text.traffic_light
                0x0000000008000e08      0x12c ./Core/Src/fsm_display_seg.o
                0x0000000008000e08                traffic_light
 .text.fsm_modify_run
                0x0000000008000f34      0x158 ./Core/Src/fsm_modify.o
                0x0000000008000f34                fsm_modify_run
 .text.fsm_modify_green_run
                0x000000000800108c      0x114 ./Core/Src/fsm_modify_green.o
                0x000000000800108c                fsm_modify_green_run
 .text.fsm_modify_yellow_run
                0x00000000080011a0      0x12c ./Core/Src/fsm_modify_yellow.o
                0x00000000080011a0                fsm_modify_yellow_run
 .text.auto_tracffic_run
                0x00000000080012cc      0x580 ./Core/Src/fsm_trafficlight.o
                0x00000000080012cc                auto_tracffic_run
 .text.fsm_trafficlight_manual_run
                0x000000000800184c      0x12c ./Core/Src/fsm_trafficlight_manual.o
                0x000000000800184c                fsm_trafficlight_manual_run
 .text.main     0x0000000008001978       0x3c ./Core/Src/main.o
                0x0000000008001978                main
 .text.SystemClock_Config
                0x00000000080019b4       0x82 ./Core/Src/main.o
                0x00000000080019b4                SystemClock_Config
 *fill*         0x0000000008001a36        0x2 
 .text.MX_TIM2_Init
                0x0000000008001a38       0x98 ./Core/Src/main.o
 .text.MX_TIM3_Init
                0x0000000008001ad0       0xec ./Core/Src/main.o
 .text.MX_USART2_UART_Init
                0x0000000008001bbc       0x54 ./Core/Src/main.o
 .text.MX_GPIO_Init
                0x0000000008001c10      0x140 ./Core/Src/main.o
 .text.HAL_TIM_PeriodElapsedCallback
                0x0000000008001d50       0x18 ./Core/Src/main.o
                0x0000000008001d50                HAL_TIM_PeriodElapsedCallback
 .text.Error_Handler
                0x0000000008001d68        0xa ./Core/Src/main.o
                0x0000000008001d68                Error_Handler
 *fill*         0x0000000008001d72        0x2 
 .text.Set_timer1
                0x0000000008001d74       0x2c ./Core/Src/software_timer.o
                0x0000000008001d74                Set_timer1
 .text.Set_timer2
                0x0000000008001da0       0x30 ./Core/Src/software_timer.o
                0x0000000008001da0                Set_timer2
 .text.Set_timer3
                0x0000000008001dd0       0x30 ./Core/Src/software_timer.o
                0x0000000008001dd0                Set_timer3
 .text.Set_timer4
                0x0000000008001e00       0x30 ./Core/Src/software_timer.o
                0x0000000008001e00                Set_timer4
 .text.Timer_run
                0x0000000008001e30       0xac ./Core/Src/software_timer.o
                0x0000000008001e30                Timer_run
 .text.HAL_MspInit
                0x0000000008001edc       0x64 ./Core/Src/stm32f1xx_hal_msp.o
                0x0000000008001edc                HAL_MspInit
 .text.HAL_TIM_Base_MspInit
                0x0000000008001f40       0x80 ./Core/Src/stm32f1xx_hal_msp.o
                0x0000000008001f40                HAL_TIM_Base_MspInit
 .text.HAL_TIM_MspPostInit
                0x0000000008001fc0       0x64 ./Core/Src/stm32f1xx_hal_msp.o
                0x0000000008001fc0                HAL_TIM_MspPostInit
 .text.HAL_UART_MspInit
                0x0000000008002024       0x7c ./Core/Src/stm32f1xx_hal_msp.o
                0x0000000008002024                HAL_UART_MspInit
 .text.NMI_Handler
                0x00000000080020a0        0x6 ./Core/Src/stm32f1xx_it.o
                0x00000000080020a0                NMI_Handler
 .text.HardFault_Handler
                0x00000000080020a6        0x6 ./Core/Src/stm32f1xx_it.o
                0x00000000080020a6                HardFault_Handler
 .text.MemManage_Handler
                0x00000000080020ac        0x6 ./Core/Src/stm32f1xx_it.o
                0x00000000080020ac                MemManage_Handler
 .text.BusFault_Handler
                0x00000000080020b2        0x6 ./Core/Src/stm32f1xx_it.o
                0x00000000080020b2                BusFault_Handler
 .text.UsageFault_Handler
                0x00000000080020b8        0x6 ./Core/Src/stm32f1xx_it.o
                0x00000000080020b8                UsageFault_Handler
 .text.SVC_Handler
                0x00000000080020be        0xc ./Core/Src/stm32f1xx_it.o
                0x00000000080020be                SVC_Handler
 .text.DebugMon_Handler
                0x00000000080020ca        0xc ./Core/Src/stm32f1xx_it.o
                0x00000000080020ca                DebugMon_Handler
 .text.PendSV_Handler
                0x00000000080020d6        0xc ./Core/Src/stm32f1xx_it.o
                0x00000000080020d6                PendSV_Handler
 .text.SysTick_Handler
                0x00000000080020e2        0xc ./Core/Src/stm32f1xx_it.o
                0x00000000080020e2                SysTick_Handler
 *fill*         0x00000000080020ee        0x2 
 .text.TIM2_IRQHandler
                0x00000000080020f0       0x14 ./Core/Src/stm32f1xx_it.o
                0x00000000080020f0                TIM2_IRQHandler
 .text.TIM3_IRQHandler
                0x0000000008002104       0x14 ./Core/Src/stm32f1xx_it.o
                0x0000000008002104                TIM3_IRQHandler
 .text.EXTI15_10_IRQHandler
                0x0000000008002118       0x10 ./Core/Src/stm32f1xx_it.o
                0x0000000008002118                EXTI15_10_IRQHandler
 .text._sbrk    0x0000000008002128       0x6c ./Core/Src/sysmem.o
                0x0000000008002128                _sbrk
 .text.SystemInit
                0x0000000008002194        0xc ./Core/Src/system_stm32f1xx.o
                0x0000000008002194                SystemInit
 .text.Reset_Handler
                0x00000000080021a0       0x48 ./Core/Startup/startup_stm32f103rbtx.o
                0x00000000080021a0                Reset_Handler
 .text.Default_Handler
                0x00000000080021e8        0x2 ./Core/Startup/startup_stm32f103rbtx.o
                0x00000000080021e8                RTC_Alarm_IRQHandler
                0x00000000080021e8                EXTI2_IRQHandler
                0x00000000080021e8                TIM1_CC_IRQHandler
                0x00000000080021e8                PVD_IRQHandler
                0x00000000080021e8                EXTI3_IRQHandler
                0x00000000080021e8                EXTI0_IRQHandler
                0x00000000080021e8                I2C2_EV_IRQHandler
                0x00000000080021e8                ADC1_2_IRQHandler
                0x00000000080021e8                SPI1_IRQHandler
                0x00000000080021e8                TAMPER_IRQHandler
                0x00000000080021e8                DMA1_Channel4_IRQHandler
                0x00000000080021e8                USART3_IRQHandler
                0x00000000080021e8                RTC_IRQHandler
                0x00000000080021e8                DMA1_Channel7_IRQHandler
                0x00000000080021e8                CAN1_RX1_IRQHandler
                0x00000000080021e8                TIM4_IRQHandler
                0x00000000080021e8                I2C1_EV_IRQHandler
                0x00000000080021e8                DMA1_Channel6_IRQHandler
                0x00000000080021e8                RCC_IRQHandler
                0x00000000080021e8                TIM1_TRG_COM_IRQHandler
                0x00000000080021e8                DMA1_Channel1_IRQHandler
                0x00000000080021e8                Default_Handler
                0x00000000080021e8                EXTI9_5_IRQHandler
                0x00000000080021e8                SPI2_IRQHandler
                0x00000000080021e8                DMA1_Channel5_IRQHandler
                0x00000000080021e8                EXTI4_IRQHandler
                0x00000000080021e8                USB_LP_CAN1_RX0_IRQHandler
                0x00000000080021e8                USB_HP_CAN1_TX_IRQHandler
                0x00000000080021e8                DMA1_Channel3_IRQHandler
                0x00000000080021e8                TIM1_UP_IRQHandler
                0x00000000080021e8                WWDG_IRQHandler
                0x00000000080021e8                TIM1_BRK_IRQHandler
                0x00000000080021e8                EXTI1_IRQHandler
                0x00000000080021e8                USART2_IRQHandler
                0x00000000080021e8                I2C2_ER_IRQHandler
                0x00000000080021e8                DMA1_Channel2_IRQHandler
                0x00000000080021e8                CAN1_SCE_IRQHandler
                0x00000000080021e8                FLASH_IRQHandler
                0x00000000080021e8                USART1_IRQHandler
                0x00000000080021e8                I2C1_ER_IRQHandler
                0x00000000080021e8                USBWakeUp_IRQHandler
 *fill*         0x00000000080021ea        0x2 
 .text.HAL_Init
                0x00000000080021ec       0x2c ./Drivers/STM32F1xx_HAL_Driver/Src/stm32f1xx_hal.o
                0x00000000080021ec                HAL_Init
 .text.HAL_InitTick
                0x0000000008002218       0x60 ./Drivers/STM32F1xx_HAL_Driver/Src/stm32f1xx_hal.o
                0x0000000008002218                HAL_InitTick
 .text.HAL_IncTick
                0x0000000008002278       0x24 ./Drivers/STM32F1xx_HAL_Driver/Src/stm32f1xx_hal.o
                0x0000000008002278                HAL_IncTick
 .text.HAL_GetTick
                0x000000000800229c       0x14 ./Drivers/STM32F1xx_HAL_Driver/Src/stm32f1xx_hal.o
                0x000000000800229c                HAL_GetTick
 .text.__NVIC_SetPriorityGrouping
                0x00000000080022b0       0x48 ./Drivers/STM32F1xx_HAL_Driver/Src/stm32f1xx_hal_cortex.o
 .text.__NVIC_GetPriorityGrouping
                0x00000000080022f8       0x1c ./Drivers/STM32F1xx_HAL_Driver/Src/stm32f1xx_hal_cortex.o
 .text.__NVIC_EnableIRQ
                0x0000000008002314       0x38 ./Drivers/STM32F1xx_HAL_Driver/Src/stm32f1xx_hal_cortex.o
 .text.__NVIC_SetPriority
                0x000000000800234c       0x54 ./Drivers/STM32F1xx_HAL_Driver/Src/stm32f1xx_hal_cortex.o
 .text.NVIC_EncodePriority
                0x00000000080023a0       0x64 ./Drivers/STM32F1xx_HAL_Driver/Src/stm32f1xx_hal_cortex.o
 .text.SysTick_Config
                0x0000000008002404       0x44 ./Drivers/STM32F1xx_HAL_Driver/Src/stm32f1xx_hal_cortex.o
 .text.HAL_NVIC_SetPriorityGrouping
                0x0000000008002448       0x16 ./Drivers/STM32F1xx_HAL_Driver/Src/stm32f1xx_hal_cortex.o
                0x0000000008002448                HAL_NVIC_SetPriorityGrouping
 .text.HAL_NVIC_SetPriority
                0x000000000800245e       0x38 ./Drivers/STM32F1xx_HAL_Driver/Src/stm32f1xx_hal_cortex.o
                0x000000000800245e                HAL_NVIC_SetPriority
 .text.HAL_NVIC_EnableIRQ
                0x0000000008002496       0x1c ./Drivers/STM32F1xx_HAL_Driver/Src/stm32f1xx_hal_cortex.o
                0x0000000008002496                HAL_NVIC_EnableIRQ
 .text.HAL_SYSTICK_Config
                0x00000000080024b2       0x18 ./Drivers/STM32F1xx_HAL_Driver/Src/stm32f1xx_hal_cortex.o
                0x00000000080024b2                HAL_SYSTICK_Config
 *fill*         0x00000000080024ca        0x2 
 .text.HAL_GPIO_Init
                0x00000000080024cc      0x308 ./Drivers/STM32F1xx_HAL_Driver/Src/stm32f1xx_hal_gpio.o
                0x00000000080024cc                HAL_GPIO_Init
 .text.HAL_GPIO_ReadPin
                0x00000000080027d4       0x2e ./Drivers/STM32F1xx_HAL_Driver/Src/stm32f1xx_hal_gpio.o
                0x00000000080027d4                HAL_GPIO_ReadPin
 .text.HAL_GPIO_WritePin
                0x0000000008002802       0x30 ./Drivers/STM32F1xx_HAL_Driver/Src/stm32f1xx_hal_gpio.o
                0x0000000008002802                HAL_GPIO_WritePin
 *fill*         0x0000000008002832        0x2 
 .text.HAL_GPIO_EXTI_IRQHandler
                0x0000000008002834       0x30 ./Drivers/STM32F1xx_HAL_Driver/Src/stm32f1xx_hal_gpio.o
                0x0000000008002834                HAL_GPIO_EXTI_IRQHandler
 .text.HAL_GPIO_EXTI_Callback
                0x0000000008002864       0x14 ./Drivers/STM32F1xx_HAL_Driver/Src/stm32f1xx_hal_gpio.o
                0x0000000008002864                HAL_GPIO_EXTI_Callback
 .text.HAL_RCC_OscConfig
                0x0000000008002878      0x500 ./Drivers/STM32F1xx_HAL_Driver/Src/stm32f1xx_hal_rcc.o
                0x0000000008002878                HAL_RCC_OscConfig
 .text.HAL_RCC_ClockConfig
                0x0000000008002d78      0x1d4 ./Drivers/STM32F1xx_HAL_Driver/Src/stm32f1xx_hal_rcc.o
                0x0000000008002d78                HAL_RCC_ClockConfig
 .text.HAL_RCC_GetSysClockFreq
                0x0000000008002f4c       0xc0 ./Drivers/STM32F1xx_HAL_Driver/Src/stm32f1xx_hal_rcc.o
                0x0000000008002f4c                HAL_RCC_GetSysClockFreq
 .text.HAL_RCC_GetHCLKFreq
                0x000000000800300c       0x14 ./Drivers/STM32F1xx_HAL_Driver/Src/stm32f1xx_hal_rcc.o
                0x000000000800300c                HAL_RCC_GetHCLKFreq
 .text.HAL_RCC_GetPCLK1Freq
                0x0000000008003020       0x28 ./Drivers/STM32F1xx_HAL_Driver/Src/stm32f1xx_hal_rcc.o
                0x0000000008003020                HAL_RCC_GetPCLK1Freq
 .text.HAL_RCC_GetPCLK2Freq
                0x0000000008003048       0x28 ./Drivers/STM32F1xx_HAL_Driver/Src/stm32f1xx_hal_rcc.o
                0x0000000008003048                HAL_RCC_GetPCLK2Freq
 .text.RCC_Delay
                0x0000000008003070       0x3c ./Drivers/STM32F1xx_HAL_Driver/Src/stm32f1xx_hal_rcc.o
 .text.HAL_TIM_Base_Init
                0x00000000080030ac       0x9e ./Drivers/STM32F1xx_HAL_Driver/Src/stm32f1xx_hal_tim.o
                0x00000000080030ac                HAL_TIM_Base_Init
 *fill*         0x000000000800314a        0x2 
 .text.HAL_TIM_Base_Start_IT
                0x000000000800314c       0xa4 ./Drivers/STM32F1xx_HAL_Driver/Src/stm32f1xx_hal_tim.o
                0x000000000800314c                HAL_TIM_Base_Start_IT
 .text.HAL_TIM_PWM_Init
                0x00000000080031f0       0x9e ./Drivers/STM32F1xx_HAL_Driver/Src/stm32f1xx_hal_tim.o
                0x00000000080031f0                HAL_TIM_PWM_Init
 .text.HAL_TIM_PWM_MspInit
                0x000000000800328e       0x12 ./Drivers/STM32F1xx_HAL_Driver/Src/stm32f1xx_hal_tim.o
                0x000000000800328e                HAL_TIM_PWM_MspInit
 .text.HAL_TIM_IRQHandler
                0x00000000080032a0      0x210 ./Drivers/STM32F1xx_HAL_Driver/Src/stm32f1xx_hal_tim.o
                0x00000000080032a0                HAL_TIM_IRQHandler
 .text.HAL_TIM_PWM_ConfigChannel
                0x00000000080034b0      0x17c ./Drivers/STM32F1xx_HAL_Driver/Src/stm32f1xx_hal_tim.o
                0x00000000080034b0                HAL_TIM_PWM_ConfigChannel
 .text.HAL_TIM_ConfigClockSource
                0x000000000800362c      0x188 ./Drivers/STM32F1xx_HAL_Driver/Src/stm32f1xx_hal_tim.o
                0x000000000800362c                HAL_TIM_ConfigClockSource
 .text.HAL_TIM_OC_DelayElapsedCallback
                0x00000000080037b4       0x12 ./Drivers/STM32F1xx_HAL_Driver/Src/stm32f1xx_hal_tim.o
                0x00000000080037b4                HAL_TIM_OC_DelayElapsedCallback
 .text.HAL_TIM_IC_CaptureCallback
                0x00000000080037c6       0x12 ./Drivers/STM32F1xx_HAL_Driver/Src/stm32f1xx_hal_tim.o
                0x00000000080037c6                HAL_TIM_IC_CaptureCallback
 .text.HAL_TIM_PWM_PulseFinishedCallback
                0x00000000080037d8       0x12 ./Drivers/STM32F1xx_HAL_Driver/Src/stm32f1xx_hal_tim.o
                0x00000000080037d8                HAL_TIM_PWM_PulseFinishedCallback
 .text.HAL_TIM_TriggerCallback
                0x00000000080037ea       0x12 ./Drivers/STM32F1xx_HAL_Driver/Src/stm32f1xx_hal_tim.o
                0x00000000080037ea                HAL_TIM_TriggerCallback
 .text.TIM_Base_SetConfig
                0x00000000080037fc       0xc4 ./Drivers/STM32F1xx_HAL_Driver/Src/stm32f1xx_hal_tim.o
                0x00000000080037fc                TIM_Base_SetConfig
 .text.TIM_OC1_SetConfig
                0x00000000080038c0       0xcc ./Drivers/STM32F1xx_HAL_Driver/Src/stm32f1xx_hal_tim.o
 .text.TIM_OC2_SetConfig
                0x000000000800398c       0xd4 ./Drivers/STM32F1xx_HAL_Driver/Src/stm32f1xx_hal_tim.o
                0x000000000800398c                TIM_OC2_SetConfig
 .text.TIM_OC3_SetConfig
                0x0000000008003a60       0xd4 ./Drivers/STM32F1xx_HAL_Driver/Src/stm32f1xx_hal_tim.o
 .text.TIM_OC4_SetConfig
                0x0000000008003b34       0x9c ./Drivers/STM32F1xx_HAL_Driver/Src/stm32f1xx_hal_tim.o
 .text.TIM_TI1_ConfigInputStage
                0x0000000008003bd0       0x5c ./Drivers/STM32F1xx_HAL_Driver/Src/stm32f1xx_hal_tim.o
 .text.TIM_TI2_ConfigInputStage
                0x0000000008003c2c       0x5e ./Drivers/STM32F1xx_HAL_Driver/Src/stm32f1xx_hal_tim.o
 .text.TIM_ITRx_SetConfig
                0x0000000008003c8a       0x34 ./Drivers/STM32F1xx_HAL_Driver/Src/stm32f1xx_hal_tim.o
 .text.TIM_ETR_SetConfig
                0x0000000008003cbe       0x3e ./Drivers/STM32F1xx_HAL_Driver/Src/stm32f1xx_hal_tim.o
                0x0000000008003cbe                TIM_ETR_SetConfig
 .text.HAL_TIMEx_MasterConfigSynchronization
                0x0000000008003cfc       0xbc ./Drivers/STM32F1xx_HAL_Driver/Src/stm32f1xx_hal_tim_ex.o
                0x0000000008003cfc                HAL_TIMEx_MasterConfigSynchronization
 .text.HAL_TIMEx_CommutCallback
                0x0000000008003db8       0x12 ./Drivers/STM32F1xx_HAL_Driver/Src/stm32f1xx_hal_tim_ex.o
                0x0000000008003db8                HAL_TIMEx_CommutCallback
 .text.HAL_TIMEx_BreakCallback
                0x0000000008003dca       0x12 ./Drivers/STM32F1xx_HAL_Driver/Src/stm32f1xx_hal_tim_ex.o
                0x0000000008003dca                HAL_TIMEx_BreakCallback
 .text.HAL_UART_Init
                0x0000000008003ddc       0x9a ./Drivers/STM32F1xx_HAL_Driver/Src/stm32f1xx_hal_uart.o
                0x0000000008003ddc                HAL_UART_Init
 .text.HAL_UART_Transmit
                0x0000000008003e76      0x124 ./Drivers/STM32F1xx_HAL_Driver/Src/stm32f1xx_hal_uart.o
                0x0000000008003e76                HAL_UART_Transmit
 .text.UART_WaitOnFlagUntilTimeout
                0x0000000008003f9a       0x94 ./Drivers/STM32F1xx_HAL_Driver/Src/stm32f1xx_hal_uart.o
 *fill*         0x000000000800402e        0x2 
 .text.UART_SetConfig
                0x0000000008004030      0x11c ./Drivers/STM32F1xx_HAL_Driver/Src/stm32f1xx_hal_uart.o
 .text.__errno  0x000000000800414c        0xc d:/embedded/stm32cubeide_1.7.0/stm32cubeide/plugins/com.st.stm32cube.ide.mcu.externaltools.gnu-tools-for-stm32.9-2020-q2-update.win32_2.0.0.202105311346/tools/bin/../lib/gcc/arm-none-eabi/9.3.1/../../../../arm-none-eabi/lib/thumb/v7-m/nofp\libc_nano.a(lib_a-errno.o)
                0x000000000800414c                __errno
 .text.__libc_init_array
                0x0000000008004158       0x48 d:/embedded/stm32cubeide_1.7.0/stm32cubeide/plugins/com.st.stm32cube.ide.mcu.externaltools.gnu-tools-for-stm32.9-2020-q2-update.win32_2.0.0.202105311346/tools/bin/../lib/gcc/arm-none-eabi/9.3.1/../../../../arm-none-eabi/lib/thumb/v7-m/nofp\libc_nano.a(lib_a-init.o)
                0x0000000008004158                __libc_init_array
 .text.memset   0x00000000080041a0       0x10 d:/embedded/stm32cubeide_1.7.0/stm32cubeide/plugins/com.st.stm32cube.ide.mcu.externaltools.gnu-tools-for-stm32.9-2020-q2-update.win32_2.0.0.202105311346/tools/bin/../lib/gcc/arm-none-eabi/9.3.1/../../../../arm-none-eabi/lib/thumb/v7-m/nofp\libc_nano.a(lib_a-memset.o)
                0x00000000080041a0                memset
 .text.sprintf  0x00000000080041b0       0x40 d:/embedded/stm32cubeide_1.7.0/stm32cubeide/plugins/com.st.stm32cube.ide.mcu.externaltools.gnu-tools-for-stm32.9-2020-q2-update.win32_2.0.0.202105311346/tools/bin/../lib/gcc/arm-none-eabi/9.3.1/../../../../arm-none-eabi/lib/thumb/v7-m/nofp\libc_nano.a(lib_a-sprintf.o)
                0x00000000080041b0                siprintf
                0x00000000080041b0                sprintf
 .text.__ssputs_r
                0x00000000080041f0       0xb6 d:/embedded/stm32cubeide_1.7.0/stm32cubeide/plugins/com.st.stm32cube.ide.mcu.externaltools.gnu-tools-for-stm32.9-2020-q2-update.win32_2.0.0.202105311346/tools/bin/../lib/gcc/arm-none-eabi/9.3.1/../../../../arm-none-eabi/lib/thumb/v7-m/nofp\libc_nano.a(lib_a-nano-svfprintf.o)
                0x00000000080041f0                __ssputs_r
 *fill*         0x00000000080042a6        0x2 
 .text._svfprintf_r
                0x00000000080042a8      0x200 d:/embedded/stm32cubeide_1.7.0/stm32cubeide/plugins/com.st.stm32cube.ide.mcu.externaltools.gnu-tools-for-stm32.9-2020-q2-update.win32_2.0.0.202105311346/tools/bin/../lib/gcc/arm-none-eabi/9.3.1/../../../../arm-none-eabi/lib/thumb/v7-m/nofp\libc_nano.a(lib_a-nano-svfprintf.o)
                0x00000000080042a8                _svfiprintf_r
                0x00000000080042a8                _svfprintf_r
 .text._printf_common
                0x00000000080044a8       0xde d:/embedded/stm32cubeide_1.7.0/stm32cubeide/plugins/com.st.stm32cube.ide.mcu.externaltools.gnu-tools-for-stm32.9-2020-q2-update.win32_2.0.0.202105311346/tools/bin/../lib/gcc/arm-none-eabi/9.3.1/../../../../arm-none-eabi/lib/thumb/v7-m/nofp\libc_nano.a(lib_a-nano-vfprintf_i.o)
                0x00000000080044a8                _printf_common
 *fill*         0x0000000008004586        0x2 
 .text._printf_i
                0x0000000008004588      0x24c d:/embedded/stm32cubeide_1.7.0/stm32cubeide/plugins/com.st.stm32cube.ide.mcu.externaltools.gnu-tools-for-stm32.9-2020-q2-update.win32_2.0.0.202105311346/tools/bin/../lib/gcc/arm-none-eabi/9.3.1/../../../../arm-none-eabi/lib/thumb/v7-m/nofp\libc_nano.a(lib_a-nano-vfprintf_i.o)
                0x0000000008004588                _printf_i
 .text.memchr   0x00000000080047d4       0x1c d:/embedded/stm32cubeide_1.7.0/stm32cubeide/plugins/com.st.stm32cube.ide.mcu.externaltools.gnu-tools-for-stm32.9-2020-q2-update.win32_2.0.0.202105311346/tools/bin/../lib/gcc/arm-none-eabi/9.3.1/../../../../arm-none-eabi/lib/thumb/v7-m/nofp\libc_nano.a(lib_a-memchr-stub.o)
                0x00000000080047d4                memchr
 .text.memcpy   0x00000000080047f0       0x1c d:/embedded/stm32cubeide_1.7.0/stm32cubeide/plugins/com.st.stm32cube.ide.mcu.externaltools.gnu-tools-for-stm32.9-2020-q2-update.win32_2.0.0.202105311346/tools/bin/../lib/gcc/arm-none-eabi/9.3.1/../../../../arm-none-eabi/lib/thumb/v7-m/nofp\libc_nano.a(lib_a-memcpy-stub.o)
                0x00000000080047f0                memcpy
 .text.memmove  0x000000000800480c       0x34 d:/embedded/stm32cubeide_1.7.0/stm32cubeide/plugins/com.st.stm32cube.ide.mcu.externaltools.gnu-tools-for-stm32.9-2020-q2-update.win32_2.0.0.202105311346/tools/bin/../lib/gcc/arm-none-eabi/9.3.1/../../../../arm-none-eabi/lib/thumb/v7-m/nofp\libc_nano.a(lib_a-memmove.o)
                0x000000000800480c                memmove
 .text._free_r  0x0000000008004840       0x98 d:/embedded/stm32cubeide_1.7.0/stm32cubeide/plugins/com.st.stm32cube.ide.mcu.externaltools.gnu-tools-for-stm32.9-2020-q2-update.win32_2.0.0.202105311346/tools/bin/../lib/gcc/arm-none-eabi/9.3.1/../../../../arm-none-eabi/lib/thumb/v7-m/nofp\libc_nano.a(lib_a-nano-freer.o)
                0x0000000008004840                _free_r
 .text._malloc_r
                0x00000000080048d8       0xb4 d:/embedded/stm32cubeide_1.7.0/stm32cubeide/plugins/com.st.stm32cube.ide.mcu.externaltools.gnu-tools-for-stm32.9-2020-q2-update.win32_2.0.0.202105311346/tools/bin/../lib/gcc/arm-none-eabi/9.3.1/../../../../arm-none-eabi/lib/thumb/v7-m/nofp\libc_nano.a(lib_a-nano-mallocr.o)
                0x00000000080048d8                _malloc_r
 .text._realloc_r
                0x000000000800498c       0x4c d:/embedded/stm32cubeide_1.7.0/stm32cubeide/plugins/com.st.stm32cube.ide.mcu.externaltools.gnu-tools-for-stm32.9-2020-q2-update.win32_2.0.0.202105311346/tools/bin/../lib/gcc/arm-none-eabi/9.3.1/../../../../arm-none-eabi/lib/thumb/v7-m/nofp\libc_nano.a(lib_a-nano-reallocr.o)
                0x000000000800498c                _realloc_r
 .text._sbrk_r  0x00000000080049d8       0x20 d:/embedded/stm32cubeide_1.7.0/stm32cubeide/plugins/com.st.stm32cube.ide.mcu.externaltools.gnu-tools-for-stm32.9-2020-q2-update.win32_2.0.0.202105311346/tools/bin/../lib/gcc/arm-none-eabi/9.3.1/../../../../arm-none-eabi/lib/thumb/v7-m/nofp\libc_nano.a(lib_a-sbrkr.o)
                0x00000000080049d8                _sbrk_r
 .text.__malloc_lock
                0x00000000080049f8        0xc d:/embedded/stm32cubeide_1.7.0/stm32cubeide/plugins/com.st.stm32cube.ide.mcu.externaltools.gnu-tools-for-stm32.9-2020-q2-update.win32_2.0.0.202105311346/tools/bin/../lib/gcc/arm-none-eabi/9.3.1/../../../../arm-none-eabi/lib/thumb/v7-m/nofp\libc_nano.a(lib_a-mlock.o)
                0x00000000080049f8                __malloc_lock
 .text.__malloc_unlock
                0x0000000008004a04        0xc d:/embedded/stm32cubeide_1.7.0/stm32cubeide/plugins/com.st.stm32cube.ide.mcu.externaltools.gnu-tools-for-stm32.9-2020-q2-update.win32_2.0.0.202105311346/tools/bin/../lib/gcc/arm-none-eabi/9.3.1/../../../../arm-none-eabi/lib/thumb/v7-m/nofp\libc_nano.a(lib_a-mlock.o)
                0x0000000008004a04                __malloc_unlock
 .text._malloc_usable_size_r
                0x0000000008004a10       0x10 d:/embedded/stm32cubeide_1.7.0/stm32cubeide/plugins/com.st.stm32cube.ide.mcu.externaltools.gnu-tools-for-stm32.9-2020-q2-update.win32_2.0.0.202105311346/tools/bin/../lib/gcc/arm-none-eabi/9.3.1/../../../../arm-none-eabi/lib/thumb/v7-m/nofp\libc_nano.a(lib_a-nano-msizer.o)
                0x0000000008004a10                _malloc_usable_size_r
 .text.__retarget_lock_acquire_recursive
                0x0000000008004a20        0x2 d:/embedded/stm32cubeide_1.7.0/stm32cubeide/plugins/com.st.stm32cube.ide.mcu.externaltools.gnu-tools-for-stm32.9-2020-q2-update.win32_2.0.0.202105311346/tools/bin/../lib/gcc/arm-none-eabi/9.3.1/../../../../arm-none-eabi/lib/thumb/v7-m/nofp\libc_nano.a(lib_a-lock.o)
                0x0000000008004a20                __retarget_lock_acquire_recursive
 .text.__retarget_lock_release_recursive
                0x0000000008004a22        0x2 d:/embedded/stm32cubeide_1.7.0/stm32cubeide/plugins/com.st.stm32cube.ide.mcu.externaltools.gnu-tools-for-stm32.9-2020-q2-update.win32_2.0.0.202105311346/tools/bin/../lib/gcc/arm-none-eabi/9.3.1/../../../../arm-none-eabi/lib/thumb/v7-m/nofp\libc_nano.a(lib_a-lock.o)
                0x0000000008004a22                __retarget_lock_release_recursive
 *(.glue_7)
 .glue_7        0x0000000008004a24        0x0 linker stubs
 *(.glue_7t)
 .glue_7t       0x0000000008004a24        0x0 linker stubs
 *(.eh_frame)
 .eh_frame      0x0000000008004a24        0x0 d:/embedded/stm32cubeide_1.7.0/stm32cubeide/plugins/com.st.stm32cube.ide.mcu.externaltools.gnu-tools-for-stm32.9-2020-q2-update.win32_2.0.0.202105311346/tools/bin/../lib/gcc/arm-none-eabi/9.3.1/thumb/v7-m/nofp/crtbegin.o
 *(.init)
 .init          0x0000000008004a24        0x4 d:/embedded/stm32cubeide_1.7.0/stm32cubeide/plugins/com.st.stm32cube.ide.mcu.externaltools.gnu-tools-for-stm32.9-2020-q2-update.win32_2.0.0.202105311346/tools/bin/../lib/gcc/arm-none-eabi/9.3.1/thumb/v7-m/nofp/crti.o
                0x0000000008004a24                _init
 .init          0x0000000008004a28        0x8 d:/embedded/stm32cubeide_1.7.0/stm32cubeide/plugins/com.st.stm32cube.ide.mcu.externaltools.gnu-tools-for-stm32.9-2020-q2-update.win32_2.0.0.202105311346/tools/bin/../lib/gcc/arm-none-eabi/9.3.1/thumb/v7-m/nofp/crtn.o
 *(.fini)
 .fini          0x0000000008004a30        0x4 d:/embedded/stm32cubeide_1.7.0/stm32cubeide/plugins/com.st.stm32cube.ide.mcu.externaltools.gnu-tools-for-stm32.9-2020-q2-update.win32_2.0.0.202105311346/tools/bin/../lib/gcc/arm-none-eabi/9.3.1/thumb/v7-m/nofp/crti.o
                0x0000000008004a30                _fini
 .fini          0x0000000008004a34        0x8 d:/embedded/stm32cubeide_1.7.0/stm32cubeide/plugins/com.st.stm32cube.ide.mcu.externaltools.gnu-tools-for-stm32.9-2020-q2-update.win32_2.0.0.202105311346/tools/bin/../lib/gcc/arm-none-eabi/9.3.1/thumb/v7-m/nofp/crtn.o
                0x0000000008004a3c                . = ALIGN (0x4)
                0x0000000008004a3c                _etext = .

.vfp11_veneer   0x0000000008004a3c        0x0
 .vfp11_veneer  0x0000000008004a3c        0x0 linker stubs

.v4_bx          0x0000000008004a3c        0x0
 .v4_bx         0x0000000008004a3c        0x0 linker stubs

.iplt           0x0000000008004a3c        0x0
 .iplt          0x0000000008004a3c        0x0 d:/embedded/stm32cubeide_1.7.0/stm32cubeide/plugins/com.st.stm32cube.ide.mcu.externaltools.gnu-tools-for-stm32.9-2020-q2-update.win32_2.0.0.202105311346/tools/bin/../lib/gcc/arm-none-eabi/9.3.1/thumb/v7-m/nofp/crtbegin.o

.rodata         0x0000000008004a3c       0x8c
                0x0000000008004a3c                . = ALIGN (0x4)
 *(.rodata)
 .rodata        0x0000000008004a3c        0xb ./Core/Src/fsm_modify.o
 *fill*         0x0000000008004a47        0x1 
 .rodata        0x0000000008004a48        0xb ./Core/Src/fsm_modify_green.o
 *fill*         0x0000000008004a53        0x1 
 .rodata        0x0000000008004a54        0xb ./Core/Src/fsm_modify_yellow.o
 *fill*         0x0000000008004a5f        0x1 
 .rodata        0x0000000008004a60        0xb ./Core/Src/fsm_trafficlight.o
 *fill*         0x0000000008004a6b        0x1 
 .rodata        0x0000000008004a6c       0x10 ./Drivers/STM32F1xx_HAL_Driver/Src/stm32f1xx_hal_rcc.o
 *(.rodata*)
 .rodata.AHBPrescTable
                0x0000000008004a7c       0x10 ./Core/Src/system_stm32f1xx.o
                0x0000000008004a7c                AHBPrescTable
 .rodata.APBPrescTable
                0x0000000008004a8c        0x8 ./Core/Src/system_stm32f1xx.o
                0x0000000008004a8c                APBPrescTable
 .rodata._svfprintf_r.str1.1
                0x0000000008004a94       0x11 d:/embedded/stm32cubeide_1.7.0/stm32cubeide/plugins/com.st.stm32cube.ide.mcu.externaltools.gnu-tools-for-stm32.9-2020-q2-update.win32_2.0.0.202105311346/tools/bin/../lib/gcc/arm-none-eabi/9.3.1/../../../../arm-none-eabi/lib/thumb/v7-m/nofp\libc_nano.a(lib_a-nano-svfprintf.o)
 .rodata._printf_i.str1.1
                0x0000000008004aa5       0x22 d:/embedded/stm32cubeide_1.7.0/stm32cubeide/plugins/com.st.stm32cube.ide.mcu.externaltools.gnu-tools-for-stm32.9-2020-q2-update.win32_2.0.0.202105311346/tools/bin/../lib/gcc/arm-none-eabi/9.3.1/../../../../arm-none-eabi/lib/thumb/v7-m/nofp\libc_nano.a(lib_a-nano-vfprintf_i.o)
                0x0000000008004ac8                . = ALIGN (0x4)
 *fill*         0x0000000008004ac7        0x1 

.rel.dyn        0x0000000008004ac8        0x0
 .rel.iplt      0x0000000008004ac8        0x0 d:/embedded/stm32cubeide_1.7.0/stm32cubeide/plugins/com.st.stm32cube.ide.mcu.externaltools.gnu-tools-for-stm32.9-2020-q2-update.win32_2.0.0.202105311346/tools/bin/../lib/gcc/arm-none-eabi/9.3.1/thumb/v7-m/nofp/crtbegin.o

.ARM.extab      0x0000000008004ac8        0x0
                0x0000000008004ac8                . = ALIGN (0x4)
 *(.ARM.extab* .gnu.linkonce.armextab.*)
                0x0000000008004ac8                . = ALIGN (0x4)

.ARM            0x0000000008004ac8        0x0
                0x0000000008004ac8                . = ALIGN (0x4)
                0x0000000008004ac8                __exidx_start = .
 *(.ARM.exidx*)
                0x0000000008004ac8                __exidx_end = .
                0x0000000008004ac8                . = ALIGN (0x4)

.preinit_array  0x0000000008004ac8        0x0
                0x0000000008004ac8                . = ALIGN (0x4)
                0x0000000008004ac8                PROVIDE (__preinit_array_start = .)
 *(.preinit_array*)
                0x0000000008004ac8                PROVIDE (__preinit_array_end = .)
                0x0000000008004ac8                . = ALIGN (0x4)

.init_array     0x0000000008004ac8        0x4
                0x0000000008004ac8                . = ALIGN (0x4)
                0x0000000008004ac8                PROVIDE (__init_array_start = .)
 *(SORT_BY_NAME(.init_array.*))
 *(.init_array*)
 .init_array    0x0000000008004ac8        0x4 d:/embedded/stm32cubeide_1.7.0/stm32cubeide/plugins/com.st.stm32cube.ide.mcu.externaltools.gnu-tools-for-stm32.9-2020-q2-update.win32_2.0.0.202105311346/tools/bin/../lib/gcc/arm-none-eabi/9.3.1/thumb/v7-m/nofp/crtbegin.o
                0x0000000008004acc                PROVIDE (__init_array_end = .)
                0x0000000008004acc                . = ALIGN (0x4)

.fini_array     0x0000000008004acc        0x4
                0x0000000008004acc                . = ALIGN (0x4)
                [!provide]                        PROVIDE (__fini_array_start = .)
 *(SORT_BY_NAME(.fini_array.*))
 *(.fini_array*)
 .fini_array    0x0000000008004acc        0x4 d:/embedded/stm32cubeide_1.7.0/stm32cubeide/plugins/com.st.stm32cube.ide.mcu.externaltools.gnu-tools-for-stm32.9-2020-q2-update.win32_2.0.0.202105311346/tools/bin/../lib/gcc/arm-none-eabi/9.3.1/thumb/v7-m/nofp/crtbegin.o
                [!provide]                        PROVIDE (__fini_array_end = .)
                0x0000000008004ad0                . = ALIGN (0x4)
                0x0000000008004ad0                _sidata = LOADADDR (.data)

.data           0x0000000020000000       0xc0 load address 0x0000000008004ad0
                0x0000000020000000                . = ALIGN (0x4)
                0x0000000020000000                _sdata = .
 *(.data)
 *(.data*)
 .data.State0   0x0000000020000000       0x10 ./Core/Src/button.o
                0x0000000020000000                State0
 .data.State1   0x0000000020000010       0x10 ./Core/Src/button.o
                0x0000000020000010                State1
 .data.State2   0x0000000020000020       0x10 ./Core/Src/button.o
                0x0000000020000020                State2
 .data.State3   0x0000000020000030       0x10 ./Core/Src/button.o
                0x0000000020000030                State3
 .data.Waiting_time
                0x0000000020000040        0x4 ./Core/Src/button.o
                0x0000000020000040                Waiting_time
 .data.Red_duration
                0x0000000020000044        0x4 ./Core/Src/global.o
                0x0000000020000044                Red_duration
 .data.Yellow_duration
                0x0000000020000048        0x4 ./Core/Src/global.o
                0x0000000020000048                Yellow_duration
 .data.Green_duration
                0x000000002000004c        0x4 ./Core/Src/global.o
                0x000000002000004c                Green_duration
 .data.SystemCoreClock
                0x0000000020000050        0x4 ./Core/Src/system_stm32f1xx.o
                0x0000000020000050                SystemCoreClock
 .data.uwTickPrio
                0x0000000020000054        0x4 ./Drivers/STM32F1xx_HAL_Driver/Src/stm32f1xx_hal.o
                0x0000000020000054                uwTickPrio
 .data.uwTickFreq
                0x0000000020000058        0x1 ./Drivers/STM32F1xx_HAL_Driver/Src/stm32f1xx_hal.o
                0x0000000020000058                uwTickFreq
 *fill*         0x0000000020000059        0x3 
 .data._impure_ptr
                0x000000002000005c        0x4 d:/embedded/stm32cubeide_1.7.0/stm32cubeide/plugins/com.st.stm32cube.ide.mcu.externaltools.gnu-tools-for-stm32.9-2020-q2-update.win32_2.0.0.202105311346/tools/bin/../lib/gcc/arm-none-eabi/9.3.1/../../../../arm-none-eabi/lib/thumb/v7-m/nofp\libc_nano.a(lib_a-impure.o)
                0x000000002000005c                _impure_ptr
 .data.impure_data
                0x0000000020000060       0x60 d:/embedded/stm32cubeide_1.7.0/stm32cubeide/plugins/com.st.stm32cube.ide.mcu.externaltools.gnu-tools-for-stm32.9-2020-q2-update.win32_2.0.0.202105311346/tools/bin/../lib/gcc/arm-none-eabi/9.3.1/../../../../arm-none-eabi/lib/thumb/v7-m/nofp\libc_nano.a(lib_a-impure.o)
 *(.RamFunc)
 *(.RamFunc*)
                0x00000000200000c0                . = ALIGN (0x4)
                0x00000000200000c0                _edata = .

.igot.plt       0x00000000200000c0        0x0 load address 0x0000000008004b90
 .igot.plt      0x00000000200000c0        0x0 d:/embedded/stm32cubeide_1.7.0/stm32cubeide/plugins/com.st.stm32cube.ide.mcu.externaltools.gnu-tools-for-stm32.9-2020-q2-update.win32_2.0.0.202105311346/tools/bin/../lib/gcc/arm-none-eabi/9.3.1/thumb/v7-m/nofp/crtbegin.o
                0x00000000200000c0                . = ALIGN (0x4)

.bss            0x00000000200000c0      0x1a0 load address 0x0000000008004b90
                0x00000000200000c0                _sbss = .
                0x00000000200000c0                __bss_start__ = _sbss
 *(.bss)
 .bss           0x00000000200000c0       0x1c d:/embedded/stm32cubeide_1.7.0/stm32cubeide/plugins/com.st.stm32cube.ide.mcu.externaltools.gnu-tools-for-stm32.9-2020-q2-update.win32_2.0.0.202105311346/tools/bin/../lib/gcc/arm-none-eabi/9.3.1/thumb/v7-m/nofp/crtbegin.o
 *(.bss*)
 .bss.duty_cycle
                0x00000000200000dc        0x4 ./Core/Src/Pedestrian.o
                0x00000000200000dc                duty_cycle
 .bss.button1_flag
                0x00000000200000e0        0x4 ./Core/Src/button.o
                0x00000000200000e0                button1_flag
 .bss.button2_flag
                0x00000000200000e4        0x4 ./Core/Src/button.o
                0x00000000200000e4                button2_flag
 .bss.button3_flag
                0x00000000200000e8        0x4 ./Core/Src/button.o
                0x00000000200000e8                button3_flag
 .bss.buttonPED_flag
                0x00000000200000ec        0x4 ./Core/Src/button.o
                0x00000000200000ec                buttonPED_flag
 .bss.TCNT1     0x00000000200000f0        0x4 ./Core/Src/fsm_trafficlight.o
                0x00000000200000f0                TCNT1
 .bss.duration_value
                0x00000000200000f4        0x4 ./Core/Src/global.o
                0x00000000200000f4                duration_value
 .bss.duration  0x00000000200000f8        0x4 ./Core/Src/global.o
                0x00000000200000f8                duration
 .bss.duration2
                0x00000000200000fc        0x4 ./Core/Src/global.o
                0x00000000200000fc                duration2
 .bss.buffer_led
                0x0000000020000100       0x10 ./Core/Src/global.o
                0x0000000020000100                buffer_led
 .bss.status    0x0000000020000110        0x4 ./Core/Src/global.o
                0x0000000020000110                status
 .bss.ped_flag  0x0000000020000114        0x4 ./Core/Src/global.o
                0x0000000020000114                ped_flag
 .bss.timer1_flag
                0x0000000020000118        0x4 ./Core/Src/software_timer.o
                0x0000000020000118                timer1_flag
 .bss.timer1_counter
                0x000000002000011c        0x4 ./Core/Src/software_timer.o
                0x000000002000011c                timer1_counter
 .bss.timer2_flag
                0x0000000020000120        0x4 ./Core/Src/software_timer.o
                0x0000000020000120                timer2_flag
 .bss.timer2_counter
                0x0000000020000124        0x4 ./Core/Src/software_timer.o
                0x0000000020000124                timer2_counter
 .bss.timer3_flag
                0x0000000020000128        0x4 ./Core/Src/software_timer.o
                0x0000000020000128                timer3_flag
 .bss.timer3_counter
                0x000000002000012c        0x4 ./Core/Src/software_timer.o
                0x000000002000012c                timer3_counter
 .bss.timer4_flag
                0x0000000020000130        0x4 ./Core/Src/software_timer.o
                0x0000000020000130                timer4_flag
 .bss.timer4_counter
                0x0000000020000134        0x4 ./Core/Src/software_timer.o
                0x0000000020000134                timer4_counter
 .bss.__sbrk_heap_end
                0x0000000020000138        0x4 ./Core/Src/sysmem.o
 .bss.__malloc_free_list
                0x000000002000013c        0x4 d:/embedded/stm32cubeide_1.7.0/stm32cubeide/plugins/com.st.stm32cube.ide.mcu.externaltools.gnu-tools-for-stm32.9-2020-q2-update.win32_2.0.0.202105311346/tools/bin/../lib/gcc/arm-none-eabi/9.3.1/../../../../arm-none-eabi/lib/thumb/v7-m/nofp\libc_nano.a(lib_a-nano-mallocr.o)
                0x000000002000013c                __malloc_free_list
 .bss.__malloc_sbrk_start
                0x0000000020000140        0x4 d:/embedded/stm32cubeide_1.7.0/stm32cubeide/plugins/com.st.stm32cube.ide.mcu.externaltools.gnu-tools-for-stm32.9-2020-q2-update.win32_2.0.0.202105311346/tools/bin/../lib/gcc/arm-none-eabi/9.3.1/../../../../arm-none-eabi/lib/thumb/v7-m/nofp\libc_nano.a(lib_a-nano-mallocr.o)
                0x0000000020000140                __malloc_sbrk_start
 *(COMMON)
 COMMON         0x0000000020000144       0x48 ./Core/Src/Pedestrian.o
                0x0000000020000144                htim3
 COMMON         0x000000002000018c       0x76 ./Core/Src/fsm_modify.o
                0x000000002000018c                huart2
                0x00000000200001d0                str
 *fill*         0x0000000020000202        0x2 
 COMMON         0x0000000020000204       0x48 ./Core/Src/main.o
                0x0000000020000204                htim2
 COMMON         0x000000002000024c        0x4 ./Drivers/STM32F1xx_HAL_Driver/Src/stm32f1xx_hal.o
                0x000000002000024c                uwTick
 COMMON         0x0000000020000250        0x4 d:/embedded/stm32cubeide_1.7.0/stm32cubeide/plugins/com.st.stm32cube.ide.mcu.externaltools.gnu-tools-for-stm32.9-2020-q2-update.win32_2.0.0.202105311346/tools/bin/../lib/gcc/arm-none-eabi/9.3.1/../../../../arm-none-eabi/lib/thumb/v7-m/nofp\libc_nano.a(lib_a-reent.o)
                0x0000000020000250                errno
 COMMON         0x0000000020000254        0x9 d:/embedded/stm32cubeide_1.7.0/stm32cubeide/plugins/com.st.stm32cube.ide.mcu.externaltools.gnu-tools-for-stm32.9-2020-q2-update.win32_2.0.0.202105311346/tools/bin/../lib/gcc/arm-none-eabi/9.3.1/../../../../arm-none-eabi/lib/thumb/v7-m/nofp\libc_nano.a(lib_a-lock.o)
                0x0000000020000254                __lock___atexit_recursive_mutex
                0x0000000020000255                __lock___arc4random_mutex
                0x0000000020000256                __lock___env_recursive_mutex
                0x0000000020000257                __lock___sinit_recursive_mutex
                0x0000000020000258                __lock___malloc_recursive_mutex
                0x0000000020000259                __lock___at_quick_exit_mutex
                0x000000002000025a                __lock___dd_hash_mutex
                0x000000002000025b                __lock___tz_mutex
                0x000000002000025c                __lock___sfp_recursive_mutex
                0x0000000020000260                . = ALIGN (0x4)
 *fill*         0x000000002000025d        0x3 
                0x0000000020000260                _ebss = .
                0x0000000020000260                __bss_end__ = _ebss

._user_heap_stack
                0x0000000020000260      0x600 load address 0x0000000008004b90
                0x0000000020000260                . = ALIGN (0x8)
                [!provide]                        PROVIDE (end = .)
                0x0000000020000260                PROVIDE (_end = .)
                0x0000000020000460                . = (. + _Min_Heap_Size)
 *fill*         0x0000000020000260      0x200 
                0x0000000020000860                . = (. + _Min_Stack_Size)
 *fill*         0x0000000020000460      0x400 
                0x0000000020000860                . = ALIGN (0x8)

/DISCARD/
 libc.a(*)
 libm.a(*)
 libgcc.a(*)

.ARM.attributes
                0x0000000000000000       0x29
 *(.ARM.attributes)
 .ARM.attributes
                0x0000000000000000       0x1d d:/embedded/stm32cubeide_1.7.0/stm32cubeide/plugins/com.st.stm32cube.ide.mcu.externaltools.gnu-tools-for-stm32.9-2020-q2-update.win32_2.0.0.202105311346/tools/bin/../lib/gcc/arm-none-eabi/9.3.1/thumb/v7-m/nofp/crti.o
 .ARM.attributes
                0x000000000000001d       0x2d d:/embedded/stm32cubeide_1.7.0/stm32cubeide/plugins/com.st.stm32cube.ide.mcu.externaltools.gnu-tools-for-stm32.9-2020-q2-update.win32_2.0.0.202105311346/tools/bin/../lib/gcc/arm-none-eabi/9.3.1/thumb/v7-m/nofp/crtbegin.o
 .ARM.attributes
                0x000000000000004a       0x2d ./Core/Src/Pedestrian.o
 .ARM.attributes
                0x0000000000000077       0x2d ./Core/Src/button.o
 .ARM.attributes
                0x00000000000000a4       0x2d ./Core/Src/fsm_display_seg.o
 .ARM.attributes
                0x00000000000000d1       0x2d ./Core/Src/fsm_modify.o
 .ARM.attributes
                0x00000000000000fe       0x2d ./Core/Src/fsm_modify_green.o
 .ARM.attributes
                0x000000000000012b       0x2d ./Core/Src/fsm_modify_yellow.o
 .ARM.attributes
                0x0000000000000158       0x2d ./Core/Src/fsm_trafficlight.o
 .ARM.attributes
                0x0000000000000185       0x2d ./Core/Src/fsm_trafficlight_manual.o
 .ARM.attributes
                0x00000000000001b2       0x33 ./Core/Src/global.o
 .ARM.attributes
                0x00000000000001e5       0x2d ./Core/Src/main.o
 .ARM.attributes
                0x0000000000000212       0x2d ./Core/Src/software_timer.o
 .ARM.attributes
                0x000000000000023f       0x2d ./Core/Src/stm32f1xx_hal_msp.o
 .ARM.attributes
                0x000000000000026c       0x2d ./Core/Src/stm32f1xx_it.o
 .ARM.attributes
                0x0000000000000299       0x2d ./Core/Src/sysmem.o
 .ARM.attributes
                0x00000000000002c6       0x2d ./Core/Src/system_stm32f1xx.o
 .ARM.attributes
                0x00000000000002f3       0x21 ./Core/Startup/startup_stm32f103rbtx.o
 .ARM.attributes
                0x0000000000000314       0x2d ./Drivers/STM32F1xx_HAL_Driver/Src/stm32f1xx_hal.o
 .ARM.attributes
                0x0000000000000341       0x2d ./Drivers/STM32F1xx_HAL_Driver/Src/stm32f1xx_hal_cortex.o
 .ARM.attributes
                0x000000000000036e       0x2d ./Drivers/STM32F1xx_HAL_Driver/Src/stm32f1xx_hal_gpio.o
 .ARM.attributes
                0x000000000000039b       0x2d ./Drivers/STM32F1xx_HAL_Driver/Src/stm32f1xx_hal_rcc.o
 .ARM.attributes
                0x00000000000003c8       0x2d ./Drivers/STM32F1xx_HAL_Driver/Src/stm32f1xx_hal_tim.o
 .ARM.attributes
                0x00000000000003f5       0x2d ./Drivers/STM32F1xx_HAL_Driver/Src/stm32f1xx_hal_tim_ex.o
 .ARM.attributes
                0x0000000000000422       0x2d ./Drivers/STM32F1xx_HAL_Driver/Src/stm32f1xx_hal_uart.o
 .ARM.attributes
                0x000000000000044f       0x2d d:/embedded/stm32cubeide_1.7.0/stm32cubeide/plugins/com.st.stm32cube.ide.mcu.externaltools.gnu-tools-for-stm32.9-2020-q2-update.win32_2.0.0.202105311346/tools/bin/../lib/gcc/arm-none-eabi/9.3.1/../../../../arm-none-eabi/lib/thumb/v7-m/nofp\libc_nano.a(lib_a-errno.o)
 .ARM.attributes
                0x000000000000047c       0x2d d:/embedded/stm32cubeide_1.7.0/stm32cubeide/plugins/com.st.stm32cube.ide.mcu.externaltools.gnu-tools-for-stm32.9-2020-q2-update.win32_2.0.0.202105311346/tools/bin/../lib/gcc/arm-none-eabi/9.3.1/../../../../arm-none-eabi/lib/thumb/v7-m/nofp\libc_nano.a(lib_a-impure.o)
 .ARM.attributes
                0x00000000000004a9       0x2d d:/embedded/stm32cubeide_1.7.0/stm32cubeide/plugins/com.st.stm32cube.ide.mcu.externaltools.gnu-tools-for-stm32.9-2020-q2-update.win32_2.0.0.202105311346/tools/bin/../lib/gcc/arm-none-eabi/9.3.1/../../../../arm-none-eabi/lib/thumb/v7-m/nofp\libc_nano.a(lib_a-init.o)
 .ARM.attributes
                0x00000000000004d6       0x2d d:/embedded/stm32cubeide_1.7.0/stm32cubeide/plugins/com.st.stm32cube.ide.mcu.externaltools.gnu-tools-for-stm32.9-2020-q2-update.win32_2.0.0.202105311346/tools/bin/../lib/gcc/arm-none-eabi/9.3.1/../../../../arm-none-eabi/lib/thumb/v7-m/nofp\libc_nano.a(lib_a-memset.o)
 .ARM.attributes
                0x0000000000000503       0x2d d:/embedded/stm32cubeide_1.7.0/stm32cubeide/plugins/com.st.stm32cube.ide.mcu.externaltools.gnu-tools-for-stm32.9-2020-q2-update.win32_2.0.0.202105311346/tools/bin/../lib/gcc/arm-none-eabi/9.3.1/../../../../arm-none-eabi/lib/thumb/v7-m/nofp\libc_nano.a(lib_a-sprintf.o)
 .ARM.attributes
                0x0000000000000530       0x2d d:/embedded/stm32cubeide_1.7.0/stm32cubeide/plugins/com.st.stm32cube.ide.mcu.externaltools.gnu-tools-for-stm32.9-2020-q2-update.win32_2.0.0.202105311346/tools/bin/../lib/gcc/arm-none-eabi/9.3.1/../../../../arm-none-eabi/lib/thumb/v7-m/nofp\libc_nano.a(lib_a-nano-svfprintf.o)
 .ARM.attributes
                0x000000000000055d       0x2d d:/embedded/stm32cubeide_1.7.0/stm32cubeide/plugins/com.st.stm32cube.ide.mcu.externaltools.gnu-tools-for-stm32.9-2020-q2-update.win32_2.0.0.202105311346/tools/bin/../lib/gcc/arm-none-eabi/9.3.1/../../../../arm-none-eabi/lib/thumb/v7-m/nofp\libc_nano.a(lib_a-nano-vfprintf_i.o)
 .ARM.attributes
                0x000000000000058a       0x2d d:/embedded/stm32cubeide_1.7.0/stm32cubeide/plugins/com.st.stm32cube.ide.mcu.externaltools.gnu-tools-for-stm32.9-2020-q2-update.win32_2.0.0.202105311346/tools/bin/../lib/gcc/arm-none-eabi/9.3.1/../../../../arm-none-eabi/lib/thumb/v7-m/nofp\libc_nano.a(lib_a-memchr-stub.o)
 .ARM.attributes
                0x00000000000005b7       0x2d d:/embedded/stm32cubeide_1.7.0/stm32cubeide/plugins/com.st.stm32cube.ide.mcu.externaltools.gnu-tools-for-stm32.9-2020-q2-update.win32_2.0.0.202105311346/tools/bin/../lib/gcc/arm-none-eabi/9.3.1/../../../../arm-none-eabi/lib/thumb/v7-m/nofp\libc_nano.a(lib_a-memcpy-stub.o)
 .ARM.attributes
                0x00000000000005e4       0x2d d:/embedded/stm32cubeide_1.7.0/stm32cubeide/plugins/com.st.stm32cube.ide.mcu.externaltools.gnu-tools-for-stm32.9-2020-q2-update.win32_2.0.0.202105311346/tools/bin/../lib/gcc/arm-none-eabi/9.3.1/../../../../arm-none-eabi/lib/thumb/v7-m/nofp\libc_nano.a(lib_a-memmove.o)
 .ARM.attributes
                0x0000000000000611       0x2d d:/embedded/stm32cubeide_1.7.0/stm32cubeide/plugins/com.st.stm32cube.ide.mcu.externaltools.gnu-tools-for-stm32.9-2020-q2-update.win32_2.0.0.202105311346/tools/bin/../lib/gcc/arm-none-eabi/9.3.1/../../../../arm-none-eabi/lib/thumb/v7-m/nofp\libc_nano.a(lib_a-nano-freer.o)
 .ARM.attributes
                0x000000000000063e       0x2d d:/embedded/stm32cubeide_1.7.0/stm32cubeide/plugins/com.st.stm32cube.ide.mcu.externaltools.gnu-tools-for-stm32.9-2020-q2-update.win32_2.0.0.202105311346/tools/bin/../lib/gcc/arm-none-eabi/9.3.1/../../../../arm-none-eabi/lib/thumb/v7-m/nofp\libc_nano.a(lib_a-nano-mallocr.o)
 .ARM.attributes
                0x000000000000066b       0x2d d:/embedded/stm32cubeide_1.7.0/stm32cubeide/plugins/com.st.stm32cube.ide.mcu.externaltools.gnu-tools-for-stm32.9-2020-q2-update.win32_2.0.0.202105311346/tools/bin/../lib/gcc/arm-none-eabi/9.3.1/../../../../arm-none-eabi/lib/thumb/v7-m/nofp\libc_nano.a(lib_a-nano-reallocr.o)
 .ARM.attributes
                0x0000000000000698       0x2d d:/embedded/stm32cubeide_1.7.0/stm32cubeide/plugins/com.st.stm32cube.ide.mcu.externaltools.gnu-tools-for-stm32.9-2020-q2-update.win32_2.0.0.202105311346/tools/bin/../lib/gcc/arm-none-eabi/9.3.1/../../../../arm-none-eabi/lib/thumb/v7-m/nofp\libc_nano.a(lib_a-sbrkr.o)
 .ARM.attributes
                0x00000000000006c5       0x2d d:/embedded/stm32cubeide_1.7.0/stm32cubeide/plugins/com.st.stm32cube.ide.mcu.externaltools.gnu-tools-for-stm32.9-2020-q2-update.win32_2.0.0.202105311346/tools/bin/../lib/gcc/arm-none-eabi/9.3.1/../../../../arm-none-eabi/lib/thumb/v7-m/nofp\libc_nano.a(lib_a-mlock.o)
 .ARM.attributes
                0x00000000000006f2       0x2d d:/embedded/stm32cubeide_1.7.0/stm32cubeide/plugins/com.st.stm32cube.ide.mcu.externaltools.gnu-tools-for-stm32.9-2020-q2-update.win32_2.0.0.202105311346/tools/bin/../lib/gcc/arm-none-eabi/9.3.1/../../../../arm-none-eabi/lib/thumb/v7-m/nofp\libc_nano.a(lib_a-nano-msizer.o)
 .ARM.attributes
                0x000000000000071f       0x2d d:/embedded/stm32cubeide_1.7.0/stm32cubeide/plugins/com.st.stm32cube.ide.mcu.externaltools.gnu-tools-for-stm32.9-2020-q2-update.win32_2.0.0.202105311346/tools/bin/../lib/gcc/arm-none-eabi/9.3.1/../../../../arm-none-eabi/lib/thumb/v7-m/nofp\libc_nano.a(lib_a-reent.o)
 .ARM.attributes
                0x000000000000074c       0x2d d:/embedded/stm32cubeide_1.7.0/stm32cubeide/plugins/com.st.stm32cube.ide.mcu.externaltools.gnu-tools-for-stm32.9-2020-q2-update.win32_2.0.0.202105311346/tools/bin/../lib/gcc/arm-none-eabi/9.3.1/../../../../arm-none-eabi/lib/thumb/v7-m/nofp\libc_nano.a(lib_a-lock.o)
 .ARM.attributes
                0x0000000000000779       0x1d d:/embedded/stm32cubeide_1.7.0/stm32cubeide/plugins/com.st.stm32cube.ide.mcu.externaltools.gnu-tools-for-stm32.9-2020-q2-update.win32_2.0.0.202105311346/tools/bin/../lib/gcc/arm-none-eabi/9.3.1/thumb/v7-m/nofp\libgcc.a(_arm_addsubsf3.o)
 .ARM.attributes
                0x0000000000000796       0x1d d:/embedded/stm32cubeide_1.7.0/stm32cubeide/plugins/com.st.stm32cube.ide.mcu.externaltools.gnu-tools-for-stm32.9-2020-q2-update.win32_2.0.0.202105311346/tools/bin/../lib/gcc/arm-none-eabi/9.3.1/thumb/v7-m/nofp\libgcc.a(_arm_muldivsf3.o)
 .ARM.attributes
                0x00000000000007b3       0x1d d:/embedded/stm32cubeide_1.7.0/stm32cubeide/plugins/com.st.stm32cube.ide.mcu.externaltools.gnu-tools-for-stm32.9-2020-q2-update.win32_2.0.0.202105311346/tools/bin/../lib/gcc/arm-none-eabi/9.3.1/thumb/v7-m/nofp\libgcc.a(_arm_cmpsf2.o)
 .ARM.attributes
                0x00000000000007d0       0x1d d:/embedded/stm32cubeide_1.7.0/stm32cubeide/plugins/com.st.stm32cube.ide.mcu.externaltools.gnu-tools-for-stm32.9-2020-q2-update.win32_2.0.0.202105311346/tools/bin/../lib/gcc/arm-none-eabi/9.3.1/thumb/v7-m/nofp\libgcc.a(_arm_fixsfsi.o)
 .ARM.attributes
                0x00000000000007ed       0x1d d:/embedded/stm32cubeide_1.7.0/stm32cubeide/plugins/com.st.stm32cube.ide.mcu.externaltools.gnu-tools-for-stm32.9-2020-q2-update.win32_2.0.0.202105311346/tools/bin/../lib/gcc/arm-none-eabi/9.3.1/thumb/v7-m/nofp/crtn.o
OUTPUT(Project_2nd.elf elf32-littlearm)
LOAD linker stubs
LOAD d:/embedded/stm32cubeide_1.7.0/stm32cubeide/plugins/com.st.stm32cube.ide.mcu.externaltools.gnu-tools-for-stm32.9-2020-q2-update.win32_2.0.0.202105311346/tools/bin/../lib/gcc/arm-none-eabi/9.3.1/../../../../arm-none-eabi/lib/thumb/v7-m/nofp\libc.a
LOAD d:/embedded/stm32cubeide_1.7.0/stm32cubeide/plugins/com.st.stm32cube.ide.mcu.externaltools.gnu-tools-for-stm32.9-2020-q2-update.win32_2.0.0.202105311346/tools/bin/../lib/gcc/arm-none-eabi/9.3.1/../../../../arm-none-eabi/lib/thumb/v7-m/nofp\libm.a
LOAD d:/embedded/stm32cubeide_1.7.0/stm32cubeide/plugins/com.st.stm32cube.ide.mcu.externaltools.gnu-tools-for-stm32.9-2020-q2-update.win32_2.0.0.202105311346/tools/bin/../lib/gcc/arm-none-eabi/9.3.1/thumb/v7-m/nofp\libgcc.a

.debug_info     0x0000000000000000     0xe510
 .debug_info    0x0000000000000000      0x92d ./Core/Src/Pedestrian.o
 .debug_info    0x000000000000092d      0x459 ./Core/Src/button.o
 .debug_info    0x0000000000000d86      0x3a1 ./Core/Src/fsm_display_seg.o
 .debug_info    0x0000000000001127      0x7e9 ./Core/Src/fsm_modify.o
 .debug_info    0x0000000000001910      0x7e9 ./Core/Src/fsm_modify_green.o
 .debug_info    0x00000000000020f9      0x7e9 ./Core/Src/fsm_modify_yellow.o
 .debug_info    0x00000000000028e2      0x86a ./Core/Src/fsm_trafficlight.o
 .debug_info    0x000000000000314c      0x30f ./Core/Src/fsm_trafficlight_manual.o
 .debug_info    0x000000000000345b      0x2c6 ./Core/Src/global.o
 .debug_info    0x0000000000003721     0x111f ./Core/Src/main.o
 .debug_info    0x0000000000004840      0x18e ./Core/Src/software_timer.o
 .debug_info    0x00000000000049ce      0xe38 ./Core/Src/stm32f1xx_hal_msp.o
 .debug_info    0x0000000000005806      0x7fc ./Core/Src/stm32f1xx_it.o
 .debug_info    0x0000000000006002      0xa25 ./Core/Src/sysmem.o
 .debug_info    0x0000000000006a27      0x2be ./Core/Src/system_stm32f1xx.o
 .debug_info    0x0000000000006ce5       0x22 ./Core/Startup/startup_stm32f103rbtx.o
 .debug_info    0x0000000000006d07      0x76a ./Drivers/STM32F1xx_HAL_Driver/Src/stm32f1xx_hal.o
 .debug_info    0x0000000000007471      0xbdc ./Drivers/STM32F1xx_HAL_Driver/Src/stm32f1xx_hal_cortex.o
 .debug_info    0x000000000000804d      0x701 ./Drivers/STM32F1xx_HAL_Driver/Src/stm32f1xx_hal_gpio.o
 .debug_info    0x000000000000874e      0x88e ./Drivers/STM32F1xx_HAL_Driver/Src/stm32f1xx_hal_rcc.o
 .debug_info    0x0000000000008fdc     0x2a45 ./Drivers/STM32F1xx_HAL_Driver/Src/stm32f1xx_hal_tim.o
 .debug_info    0x000000000000ba21     0x14d5 ./Drivers/STM32F1xx_HAL_Driver/Src/stm32f1xx_hal_tim_ex.o
 .debug_info    0x000000000000cef6     0x161a ./Drivers/STM32F1xx_HAL_Driver/Src/stm32f1xx_hal_uart.o

.debug_abbrev   0x0000000000000000     0x272b
 .debug_abbrev  0x0000000000000000      0x1ee ./Core/Src/Pedestrian.o
 .debug_abbrev  0x00000000000001ee      0x184 ./Core/Src/button.o
 .debug_abbrev  0x0000000000000372      0x12c ./Core/Src/fsm_display_seg.o
 .debug_abbrev  0x000000000000049e      0x199 ./Core/Src/fsm_modify.o
 .debug_abbrev  0x0000000000000637      0x199 ./Core/Src/fsm_modify_green.o
 .debug_abbrev  0x00000000000007d0      0x199 ./Core/Src/fsm_modify_yellow.o
 .debug_abbrev  0x0000000000000969      0x1a4 ./Core/Src/fsm_trafficlight.o
 .debug_abbrev  0x0000000000000b0d       0xff ./Core/Src/fsm_trafficlight_manual.o
 .debug_abbrev  0x0000000000000c0c       0xa9 ./Core/Src/global.o
 .debug_abbrev  0x0000000000000cb5      0x2ac ./Core/Src/main.o
 .debug_abbrev  0x0000000000000f61       0xc3 ./Core/Src/software_timer.o
 .debug_abbrev  0x0000000000001024      0x1c8 ./Core/Src/stm32f1xx_hal_msp.o
 .debug_abbrev  0x00000000000011ec      0x176 ./Core/Src/stm32f1xx_it.o
 .debug_abbrev  0x0000000000001362      0x1bf ./Core/Src/sysmem.o
 .debug_abbrev  0x0000000000001521      0x14e ./Core/Src/system_stm32f1xx.o
 .debug_abbrev  0x000000000000166f       0x12 ./Core/Startup/startup_stm32f103rbtx.o
 .debug_abbrev  0x0000000000001681      0x1ed ./Drivers/STM32F1xx_HAL_Driver/Src/stm32f1xx_hal.o
 .debug_abbrev  0x000000000000186e      0x313 ./Drivers/STM32F1xx_HAL_Driver/Src/stm32f1xx_hal_cortex.o
 .debug_abbrev  0x0000000000001b81      0x1e8 ./Drivers/STM32F1xx_HAL_Driver/Src/stm32f1xx_hal_gpio.o
 .debug_abbrev  0x0000000000001d69      0x273 ./Drivers/STM32F1xx_HAL_Driver/Src/stm32f1xx_hal_rcc.o
 .debug_abbrev  0x0000000000001fdc      0x25e ./Drivers/STM32F1xx_HAL_Driver/Src/stm32f1xx_hal_tim.o
 .debug_abbrev  0x000000000000223a      0x266 ./Drivers/STM32F1xx_HAL_Driver/Src/stm32f1xx_hal_tim_ex.o
 .debug_abbrev  0x00000000000024a0      0x28b ./Drivers/STM32F1xx_HAL_Driver/Src/stm32f1xx_hal_uart.o

.debug_aranges  0x0000000000000000      0xd80
 .debug_aranges
                0x0000000000000000       0x30 ./Core/Src/Pedestrian.o
 .debug_aranges
                0x0000000000000030       0x70 ./Core/Src/button.o
 .debug_aranges
                0x00000000000000a0       0x58 ./Core/Src/fsm_display_seg.o
 .debug_aranges
                0x00000000000000f8       0x20 ./Core/Src/fsm_modify.o
 .debug_aranges
                0x0000000000000118       0x20 ./Core/Src/fsm_modify_green.o
 .debug_aranges
                0x0000000000000138       0x20 ./Core/Src/fsm_modify_yellow.o
 .debug_aranges
                0x0000000000000158       0x20 ./Core/Src/fsm_trafficlight.o
 .debug_aranges
                0x0000000000000178       0x20 ./Core/Src/fsm_trafficlight_manual.o
 .debug_aranges
                0x0000000000000198       0x18 ./Core/Src/global.o
 .debug_aranges
                0x00000000000001b0       0x60 ./Core/Src/main.o
 .debug_aranges
                0x0000000000000210       0x40 ./Core/Src/software_timer.o
 .debug_aranges
                0x0000000000000250       0x48 ./Core/Src/stm32f1xx_hal_msp.o
 .debug_aranges
                0x0000000000000298       0x78 ./Core/Src/stm32f1xx_it.o
 .debug_aranges
                0x0000000000000310       0x20 ./Core/Src/sysmem.o
 .debug_aranges
                0x0000000000000330       0x28 ./Core/Src/system_stm32f1xx.o
 .debug_aranges
                0x0000000000000358       0x28 ./Core/Startup/startup_stm32f103rbtx.o
 .debug_aranges
                0x0000000000000380       0xe0 ./Drivers/STM32F1xx_HAL_Driver/Src/stm32f1xx_hal.o
 .debug_aranges
                0x0000000000000460      0x100 ./Drivers/STM32F1xx_HAL_Driver/Src/stm32f1xx_hal_cortex.o
 .debug_aranges
                0x0000000000000560       0x58 ./Drivers/STM32F1xx_HAL_Driver/Src/stm32f1xx_hal_gpio.o
 .debug_aranges
                0x00000000000005b8       0x90 ./Drivers/STM32F1xx_HAL_Driver/Src/stm32f1xx_hal_rcc.o
 .debug_aranges
                0x0000000000000648      0x3d0 ./Drivers/STM32F1xx_HAL_Driver/Src/stm32f1xx_hal_tim.o
 .debug_aranges
                0x0000000000000a18      0x168 ./Drivers/STM32F1xx_HAL_Driver/Src/stm32f1xx_hal_tim_ex.o
 .debug_aranges
                0x0000000000000b80      0x200 ./Drivers/STM32F1xx_HAL_Driver/Src/stm32f1xx_hal_uart.o

.debug_ranges   0x0000000000000000      0xc40
 .debug_ranges  0x0000000000000000       0x20 ./Core/Src/Pedestrian.o
 .debug_ranges  0x0000000000000020       0x60 ./Core/Src/button.o
 .debug_ranges  0x0000000000000080       0x48 ./Core/Src/fsm_display_seg.o
 .debug_ranges  0x00000000000000c8       0x10 ./Core/Src/fsm_modify.o
 .debug_ranges  0x00000000000000d8       0x10 ./Core/Src/fsm_modify_green.o
 .debug_ranges  0x00000000000000e8       0x10 ./Core/Src/fsm_modify_yellow.o
 .debug_ranges  0x00000000000000f8       0x10 ./Core/Src/fsm_trafficlight.o
 .debug_ranges  0x0000000000000108       0x10 ./Core/Src/fsm_trafficlight_manual.o
 .debug_ranges  0x0000000000000118       0x50 ./Core/Src/main.o
 .debug_ranges  0x0000000000000168       0x30 ./Core/Src/software_timer.o
 .debug_ranges  0x0000000000000198       0x38 ./Core/Src/stm32f1xx_hal_msp.o
 .debug_ranges  0x00000000000001d0       0x68 ./Core/Src/stm32f1xx_it.o
 .debug_ranges  0x0000000000000238       0x10 ./Core/Src/sysmem.o
 .debug_ranges  0x0000000000000248       0x18 ./Core/Src/system_stm32f1xx.o
 .debug_ranges  0x0000000000000260       0x20 ./Core/Startup/startup_stm32f103rbtx.o
 .debug_ranges  0x0000000000000280       0xd0 ./Drivers/STM32F1xx_HAL_Driver/Src/stm32f1xx_hal.o
 .debug_ranges  0x0000000000000350       0xf0 ./Drivers/STM32F1xx_HAL_Driver/Src/stm32f1xx_hal_cortex.o
 .debug_ranges  0x0000000000000440       0x48 ./Drivers/STM32F1xx_HAL_Driver/Src/stm32f1xx_hal_gpio.o
 .debug_ranges  0x0000000000000488       0x80 ./Drivers/STM32F1xx_HAL_Driver/Src/stm32f1xx_hal_rcc.o
 .debug_ranges  0x0000000000000508      0x3c0 ./Drivers/STM32F1xx_HAL_Driver/Src/stm32f1xx_hal_tim.o
 .debug_ranges  0x00000000000008c8      0x158 ./Drivers/STM32F1xx_HAL_Driver/Src/stm32f1xx_hal_tim_ex.o
 .debug_ranges  0x0000000000000a20      0x220 ./Drivers/STM32F1xx_HAL_Driver/Src/stm32f1xx_hal_uart.o

.debug_macro    0x0000000000000000    0x181b3
 .debug_macro   0x0000000000000000      0x228 ./Core/Src/Pedestrian.o
 .debug_macro   0x0000000000000228      0xa9c ./Core/Src/Pedestrian.o
 .debug_macro   0x0000000000000cc4      0x21b ./Core/Src/Pedestrian.o
 .debug_macro   0x0000000000000edf       0x2e ./Core/Src/Pedestrian.o
 .debug_macro   0x0000000000000f0d       0x22 ./Core/Src/Pedestrian.o
 .debug_macro   0x0000000000000f2f       0x22 ./Core/Src/Pedestrian.o
 .debug_macro   0x0000000000000f51       0x8e ./Core/Src/Pedestrian.o
 .debug_macro   0x0000000000000fdf       0x51 ./Core/Src/Pedestrian.o
 .debug_macro   0x0000000000001030      0x103 ./Core/Src/Pedestrian.o
 .debug_macro   0x0000000000001133       0x6a ./Core/Src/Pedestrian.o
 .debug_macro   0x000000000000119d      0x1df ./Core/Src/Pedestrian.o
 .debug_macro   0x000000000000137c       0x1c ./Core/Src/Pedestrian.o
 .debug_macro   0x0000000000001398       0x22 ./Core/Src/Pedestrian.o
 .debug_macro   0x00000000000013ba       0xc3 ./Core/Src/Pedestrian.o
 .debug_macro   0x000000000000147d      0xd23 ./Core/Src/Pedestrian.o
 .debug_macro   0x00000000000021a0     0xe09e ./Core/Src/Pedestrian.o
 .debug_macro   0x000000000001023e       0x6d ./Core/Src/Pedestrian.o
 .debug_macro   0x00000000000102ab     0x3468 ./Core/Src/Pedestrian.o
 .debug_macro   0x0000000000013713      0x174 ./Core/Src/Pedestrian.o
 .debug_macro   0x0000000000013887       0x5c ./Core/Src/Pedestrian.o
 .debug_macro   0x00000000000138e3      0x5be ./Core/Src/Pedestrian.o
 .debug_macro   0x0000000000013ea1      0x289 ./Core/Src/Pedestrian.o
 .debug_macro   0x000000000001412a      0x1cb ./Core/Src/Pedestrian.o
 .debug_macro   0x00000000000142f5      0x114 ./Core/Src/Pedestrian.o
 .debug_macro   0x0000000000014409      0x1b2 ./Core/Src/Pedestrian.o
 .debug_macro   0x00000000000145bb       0x27 ./Core/Src/Pedestrian.o
 .debug_macro   0x00000000000145e2      0x136 ./Core/Src/Pedestrian.o
 .debug_macro   0x0000000000014718      0x1bc ./Core/Src/Pedestrian.o
 .debug_macro   0x00000000000148d4       0x34 ./Core/Src/Pedestrian.o
 .debug_macro   0x0000000000014908       0x3c ./Core/Src/Pedestrian.o
 .debug_macro   0x0000000000014944       0x57 ./Core/Src/Pedestrian.o
 .debug_macro   0x000000000001499b       0x88 ./Core/Src/Pedestrian.o
 .debug_macro   0x0000000000014a23      0x241 ./Core/Src/Pedestrian.o
 .debug_macro   0x0000000000014c64      0x141 ./Core/Src/Pedestrian.o
 .debug_macro   0x0000000000014da5      0x8d1 ./Core/Src/Pedestrian.o
 .debug_macro   0x0000000000015676      0x279 ./Core/Src/Pedestrian.o
 .debug_macro   0x00000000000158ef       0x83 ./Core/Src/Pedestrian.o
 .debug_macro   0x0000000000015972       0x52 ./Core/Src/Pedestrian.o
 .debug_macro   0x00000000000159c4       0x10 ./Core/Src/Pedestrian.o
 .debug_macro   0x00000000000159d4       0x64 ./Core/Src/Pedestrian.o
 .debug_macro   0x0000000000015a38      0x1c1 ./Core/Src/button.o
 .debug_macro   0x0000000000015bf9      0x228 ./Core/Src/fsm_display_seg.o
 .debug_macro   0x0000000000015e21      0x228 ./Core/Src/fsm_modify.o
 .debug_macro   0x0000000000016049      0x228 ./Core/Src/fsm_modify_green.o
 .debug_macro   0x0000000000016271      0x228 ./Core/Src/fsm_modify_yellow.o
 .debug_macro   0x0000000000016499      0x228 ./Core/Src/fsm_trafficlight.o
 .debug_macro   0x00000000000166c1      0x228 ./Core/Src/fsm_trafficlight_manual.o
 .debug_macro   0x00000000000168e9      0x224 ./Core/Src/global.o
 .debug_macro   0x0000000000016b0d      0x228 ./Core/Src/main.o
 .debug_macro   0x0000000000016d35       0x1b ./Core/Src/software_timer.o
 .debug_macro   0x0000000000016d50      0x1b2 ./Core/Src/stm32f1xx_hal_msp.o
 .debug_macro   0x0000000000016f02      0x1bc ./Core/Src/stm32f1xx_it.o
 .debug_macro   0x00000000000170be       0xff ./Core/Src/sysmem.o
 .debug_macro   0x00000000000171bd      0x23b ./Core/Src/sysmem.o
 .debug_macro   0x00000000000173f8      0x1a3 ./Core/Src/system_stm32f1xx.o
 .debug_macro   0x000000000001759b      0x1c7 ./Drivers/STM32F1xx_HAL_Driver/Src/stm32f1xx_hal.o
 .debug_macro   0x0000000000017762      0x1a3 ./Drivers/STM32F1xx_HAL_Driver/Src/stm32f1xx_hal_cortex.o
 .debug_macro   0x0000000000017905      0x20e ./Drivers/STM32F1xx_HAL_Driver/Src/stm32f1xx_hal_gpio.o
 .debug_macro   0x0000000000017b13      0x1b5 ./Drivers/STM32F1xx_HAL_Driver/Src/stm32f1xx_hal_rcc.o
 .debug_macro   0x0000000000017cc8      0x1a4 ./Drivers/STM32F1xx_HAL_Driver/Src/stm32f1xx_hal_tim.o
 .debug_macro   0x0000000000017e6c      0x1a3 ./Drivers/STM32F1xx_HAL_Driver/Src/stm32f1xx_hal_tim_ex.o
 .debug_macro   0x000000000001800f      0x1a4 ./Drivers/STM32F1xx_HAL_Driver/Src/stm32f1xx_hal_uart.o

.debug_line     0x0000000000000000    0x10034
 .debug_line    0x0000000000000000      0x822 ./Core/Src/Pedestrian.o
 .debug_line    0x0000000000000822      0x8a1 ./Core/Src/button.o
 .debug_line    0x00000000000010c3      0x884 ./Core/Src/fsm_display_seg.o
 .debug_line    0x0000000000001947      0x7ee ./Core/Src/fsm_modify.o
 .debug_line    0x0000000000002135      0x7ce ./Core/Src/fsm_modify_green.o
 .debug_line    0x0000000000002903      0x7d8 ./Core/Src/fsm_modify_yellow.o
 .debug_line    0x00000000000030db      0x928 ./Core/Src/fsm_trafficlight.o
 .debug_line    0x0000000000003a03      0x7be ./Core/Src/fsm_trafficlight_manual.o
 .debug_line    0x00000000000041c1      0x732 ./Core/Src/global.o
 .debug_line    0x00000000000048f3      0x964 ./Core/Src/main.o
 .debug_line    0x0000000000005257      0x12d ./Core/Src/software_timer.o
 .debug_line    0x0000000000005384      0x768 ./Core/Src/stm32f1xx_hal_msp.o
 .debug_line    0x0000000000005aec      0x79f ./Core/Src/stm32f1xx_it.o
 .debug_line    0x000000000000628b      0x516 ./Core/Src/sysmem.o
 .debug_line    0x00000000000067a1      0x713 ./Core/Src/system_stm32f1xx.o
 .debug_line    0x0000000000006eb4       0x87 ./Core/Startup/startup_stm32f103rbtx.o
 .debug_line    0x0000000000006f3b      0x940 ./Drivers/STM32F1xx_HAL_Driver/Src/stm32f1xx_hal.o
 .debug_line    0x000000000000787b      0xb28 ./Drivers/STM32F1xx_HAL_Driver/Src/stm32f1xx_hal_cortex.o
 .debug_line    0x00000000000083a3      0x9d7 ./Drivers/STM32F1xx_HAL_Driver/Src/stm32f1xx_hal_gpio.o
 .debug_line    0x0000000000008d7a      0xd4e ./Drivers/STM32F1xx_HAL_Driver/Src/stm32f1xx_hal_rcc.o
 .debug_line    0x0000000000009ac8     0x32e9 ./Drivers/STM32F1xx_HAL_Driver/Src/stm32f1xx_hal_tim.o
 .debug_line    0x000000000000cdb1     0x1868 ./Drivers/STM32F1xx_HAL_Driver/Src/stm32f1xx_hal_tim_ex.o
 .debug_line    0x000000000000e619     0x1a1b ./Drivers/STM32F1xx_HAL_Driver/Src/stm32f1xx_hal_uart.o

.debug_str      0x0000000000000000    0x88c5c
 .debug_str     0x0000000000000000    0x8388a ./Core/Src/Pedestrian.o
                                      0x83c8c (size before relaxing)
 .debug_str     0x000000000008388a      0x1b8 ./Core/Src/button.o
                                      0x836ef (size before relaxing)
 .debug_str     0x0000000000083a42       0xb0 ./Core/Src/fsm_display_seg.o
                                      0x83828 (size before relaxing)
 .debug_str     0x0000000000083af2      0x1f9 ./Core/Src/fsm_modify.o
                                      0x83b5b (size before relaxing)
 .debug_str     0x0000000000083ceb       0x34 ./Core/Src/fsm_modify_green.o
                                      0x83b67 (size before relaxing)
 .debug_str     0x0000000000083d1f       0x36 ./Core/Src/fsm_modify_yellow.o
                                      0x83b69 (size before relaxing)
 .debug_str     0x0000000000083d55       0x37 ./Core/Src/fsm_trafficlight.o
                                      0x83b6a (size before relaxing)
 .debug_str     0x0000000000083d8c       0x42 ./Core/Src/fsm_trafficlight_manual.o
                                      0x837ba (size before relaxing)
 .debug_str     0x0000000000083dce       0x15 ./Core/Src/global.o
                                      0x8375c (size before relaxing)
 .debug_str     0x0000000000083de3      0x5cb ./Core/Src/main.o
                                      0x8445f (size before relaxing)
 .debug_str     0x00000000000843ae       0x89 ./Core/Src/software_timer.o
                                       0x2e20 (size before relaxing)
 .debug_str     0x0000000000084437       0xce ./Core/Src/stm32f1xx_hal_msp.o
                                      0x83f93 (size before relaxing)
 .debug_str     0x0000000000084505       0xf2 ./Core/Src/stm32f1xx_it.o
                                      0x83a8b (size before relaxing)
 .debug_str     0x00000000000845f7     0x2218 ./Core/Src/sysmem.o
                                       0x6240 (size before relaxing)
 .debug_str     0x000000000008680f       0x52 ./Core/Src/system_stm32f1xx.o
                                      0x83437 (size before relaxing)
 .debug_str     0x0000000000086861       0x36 ./Core/Startup/startup_stm32f103rbtx.o
                                         0x54 (size before relaxing)
 .debug_str     0x0000000000086897      0x304 ./Drivers/STM32F1xx_HAL_Driver/Src/stm32f1xx_hal.o
                                      0x83ac8 (size before relaxing)
 .debug_str     0x0000000000086b9b      0x300 ./Drivers/STM32F1xx_HAL_Driver/Src/stm32f1xx_hal_cortex.o
                                      0x83ad0 (size before relaxing)
 .debug_str     0x0000000000086e9b      0x324 ./Drivers/STM32F1xx_HAL_Driver/Src/stm32f1xx_hal_gpio.o
                                      0x837fb (size before relaxing)
 .debug_str     0x00000000000871bf      0x24f ./Drivers/STM32F1xx_HAL_Driver/Src/stm32f1xx_hal_rcc.o
                                      0x83834 (size before relaxing)
 .debug_str     0x000000000008740e      0xd73 ./Drivers/STM32F1xx_HAL_Driver/Src/stm32f1xx_hal_tim.o
                                      0x84806 (size before relaxing)
 .debug_str     0x0000000000088181      0x4ee ./Drivers/STM32F1xx_HAL_Driver/Src/stm32f1xx_hal_tim_ex.o
                                      0x83fb7 (size before relaxing)
 .debug_str     0x000000000008866f      0x5ed ./Drivers/STM32F1xx_HAL_Driver/Src/stm32f1xx_hal_uart.o
                                      0x83e26 (size before relaxing)

.comment        0x0000000000000000       0x53
 .comment       0x0000000000000000       0x53 ./Core/Src/Pedestrian.o
                                         0x54 (size before relaxing)
 .comment       0x0000000000000053       0x54 ./Core/Src/button.o
 .comment       0x0000000000000053       0x54 ./Core/Src/fsm_display_seg.o
 .comment       0x0000000000000053       0x54 ./Core/Src/fsm_modify.o
 .comment       0x0000000000000053       0x54 ./Core/Src/fsm_modify_green.o
 .comment       0x0000000000000053       0x54 ./Core/Src/fsm_modify_yellow.o
 .comment       0x0000000000000053       0x54 ./Core/Src/fsm_trafficlight.o
 .comment       0x0000000000000053       0x54 ./Core/Src/fsm_trafficlight_manual.o
 .comment       0x0000000000000053       0x54 ./Core/Src/global.o
 .comment       0x0000000000000053       0x54 ./Core/Src/main.o
 .comment       0x0000000000000053       0x54 ./Core/Src/software_timer.o
 .comment       0x0000000000000053       0x54 ./Core/Src/stm32f1xx_hal_msp.o
 .comment       0x0000000000000053       0x54 ./Core/Src/stm32f1xx_it.o
 .comment       0x0000000000000053       0x54 ./Core/Src/sysmem.o
 .comment       0x0000000000000053       0x54 ./Core/Src/system_stm32f1xx.o
 .comment       0x0000000000000053       0x54 ./Drivers/STM32F1xx_HAL_Driver/Src/stm32f1xx_hal.o
 .comment       0x0000000000000053       0x54 ./Drivers/STM32F1xx_HAL_Driver/Src/stm32f1xx_hal_cortex.o
 .comment       0x0000000000000053       0x54 ./Drivers/STM32F1xx_HAL_Driver/Src/stm32f1xx_hal_gpio.o
 .comment       0x0000000000000053       0x54 ./Drivers/STM32F1xx_HAL_Driver/Src/stm32f1xx_hal_rcc.o
 .comment       0x0000000000000053       0x54 ./Drivers/STM32F1xx_HAL_Driver/Src/stm32f1xx_hal_tim.o
 .comment       0x0000000000000053       0x54 ./Drivers/STM32F1xx_HAL_Driver/Src/stm32f1xx_hal_tim_ex.o
 .comment       0x0000000000000053       0x54 ./Drivers/STM32F1xx_HAL_Driver/Src/stm32f1xx_hal_uart.o

.debug_frame    0x0000000000000000     0x3a68
 .debug_frame   0x0000000000000000       0x74 ./Core/Src/Pedestrian.o
 .debug_frame   0x0000000000000074      0x184 ./Core/Src/button.o
 .debug_frame   0x00000000000001f8      0x114 ./Core/Src/fsm_display_seg.o
 .debug_frame   0x000000000000030c       0x2c ./Core/Src/fsm_modify.o
 .debug_frame   0x0000000000000338       0x2c ./Core/Src/fsm_modify_green.o
 .debug_frame   0x0000000000000364       0x2c ./Core/Src/fsm_modify_yellow.o
 .debug_frame   0x0000000000000390       0x38 ./Core/Src/fsm_trafficlight.o
 .debug_frame   0x00000000000003c8       0x2c ./Core/Src/fsm_trafficlight_manual.o
 .debug_frame   0x00000000000003f4      0x130 ./Core/Src/main.o
 .debug_frame   0x0000000000000524       0xd0 ./Core/Src/software_timer.o
 .debug_frame   0x00000000000005f4       0xec ./Core/Src/stm32f1xx_hal_msp.o
 .debug_frame   0x00000000000006e0      0x158 ./Core/Src/stm32f1xx_it.o
 .debug_frame   0x0000000000000838       0x34 ./Core/Src/sysmem.o
 .debug_frame   0x000000000000086c       0x58 ./Core/Src/system_stm32f1xx.o
 .debug_frame   0x00000000000008c4      0x334 ./Drivers/STM32F1xx_HAL_Driver/Src/stm32f1xx_hal.o
 .debug_frame   0x0000000000000bf8      0x428 ./Drivers/STM32F1xx_HAL_Driver/Src/stm32f1xx_hal_cortex.o
 .debug_frame   0x0000000000001020      0x14c ./Drivers/STM32F1xx_HAL_Driver/Src/stm32f1xx_hal_gpio.o
 .debug_frame   0x000000000000116c      0x21c ./Drivers/STM32F1xx_HAL_Driver/Src/stm32f1xx_hal_rcc.o
 .debug_frame   0x0000000000001388     0x11b8 ./Drivers/STM32F1xx_HAL_Driver/Src/stm32f1xx_hal_tim.o
 .debug_frame   0x0000000000002540      0x638 ./Drivers/STM32F1xx_HAL_Driver/Src/stm32f1xx_hal_tim_ex.o
 .debug_frame   0x0000000000002b78      0x914 ./Drivers/STM32F1xx_HAL_Driver/Src/stm32f1xx_hal_uart.o
 .debug_frame   0x000000000000348c       0x20 d:/embedded/stm32cubeide_1.7.0/stm32cubeide/plugins/com.st.stm32cube.ide.mcu.externaltools.gnu-tools-for-stm32.9-2020-q2-update.win32_2.0.0.202105311346/tools/bin/../lib/gcc/arm-none-eabi/9.3.1/../../../../arm-none-eabi/lib/thumb/v7-m/nofp\libc_nano.a(lib_a-errno.o)
 .debug_frame   0x00000000000034ac       0x2c d:/embedded/stm32cubeide_1.7.0/stm32cubeide/plugins/com.st.stm32cube.ide.mcu.externaltools.gnu-tools-for-stm32.9-2020-q2-update.win32_2.0.0.202105311346/tools/bin/../lib/gcc/arm-none-eabi/9.3.1/../../../../arm-none-eabi/lib/thumb/v7-m/nofp\libc_nano.a(lib_a-init.o)
 .debug_frame   0x00000000000034d8       0x20 d:/embedded/stm32cubeide_1.7.0/stm32cubeide/plugins/com.st.stm32cube.ide.mcu.externaltools.gnu-tools-for-stm32.9-2020-q2-update.win32_2.0.0.202105311346/tools/bin/../lib/gcc/arm-none-eabi/9.3.1/../../../../arm-none-eabi/lib/thumb/v7-m/nofp\libc_nano.a(lib_a-memset.o)
 .debug_frame   0x00000000000034f8       0x6c d:/embedded/stm32cubeide_1.7.0/stm32cubeide/plugins/com.st.stm32cube.ide.mcu.externaltools.gnu-tools-for-stm32.9-2020-q2-update.win32_2.0.0.202105311346/tools/bin/../lib/gcc/arm-none-eabi/9.3.1/../../../../arm-none-eabi/lib/thumb/v7-m/nofp\libc_nano.a(lib_a-sprintf.o)
 .debug_frame   0x0000000000003564       0x90 d:/embedded/stm32cubeide_1.7.0/stm32cubeide/plugins/com.st.stm32cube.ide.mcu.externaltools.gnu-tools-for-stm32.9-2020-q2-update.win32_2.0.0.202105311346/tools/bin/../lib/gcc/arm-none-eabi/9.3.1/../../../../arm-none-eabi/lib/thumb/v7-m/nofp\libc_nano.a(lib_a-nano-svfprintf.o)
 .debug_frame   0x00000000000035f4       0x60 d:/embedded/stm32cubeide_1.7.0/stm32cubeide/plugins/com.st.stm32cube.ide.mcu.externaltools.gnu-tools-for-stm32.9-2020-q2-update.win32_2.0.0.202105311346/tools/bin/../lib/gcc/arm-none-eabi/9.3.1/../../../../arm-none-eabi/lib/thumb/v7-m/nofp\libc_nano.a(lib_a-nano-vfprintf_i.o)
 .debug_frame   0x0000000000003654       0x28 d:/embedded/stm32cubeide_1.7.0/stm32cubeide/plugins/com.st.stm32cube.ide.mcu.externaltools.gnu-tools-for-stm32.9-2020-q2-update.win32_2.0.0.202105311346/tools/bin/../lib/gcc/arm-none-eabi/9.3.1/../../../../arm-none-eabi/lib/thumb/v7-m/nofp\libc_nano.a(lib_a-memchr-stub.o)
 .debug_frame   0x000000000000367c       0x28 d:/embedded/stm32cubeide_1.7.0/stm32cubeide/plugins/com.st.stm32cube.ide.mcu.externaltools.gnu-tools-for-stm32.9-2020-q2-update.win32_2.0.0.202105311346/tools/bin/../lib/gcc/arm-none-eabi/9.3.1/../../../../arm-none-eabi/lib/thumb/v7-m/nofp\libc_nano.a(lib_a-memcpy-stub.o)
 .debug_frame   0x00000000000036a4       0x28 d:/embedded/stm32cubeide_1.7.0/stm32cubeide/plugins/com.st.stm32cube.ide.mcu.externaltools.gnu-tools-for-stm32.9-2020-q2-update.win32_2.0.0.202105311346/tools/bin/../lib/gcc/arm-none-eabi/9.3.1/../../../../arm-none-eabi/lib/thumb/v7-m/nofp\libc_nano.a(lib_a-memmove.o)
 .debug_frame   0x00000000000036cc       0x38 d:/embedded/stm32cubeide_1.7.0/stm32cubeide/plugins/com.st.stm32cube.ide.mcu.externaltools.gnu-tools-for-stm32.9-2020-q2-update.win32_2.0.0.202105311346/tools/bin/../lib/gcc/arm-none-eabi/9.3.1/../../../../arm-none-eabi/lib/thumb/v7-m/nofp\libc_nano.a(lib_a-nano-freer.o)
 .debug_frame   0x0000000000003704       0x30 d:/embedded/stm32cubeide_1.7.0/stm32cubeide/plugins/com.st.stm32cube.ide.mcu.externaltools.gnu-tools-for-stm32.9-2020-q2-update.win32_2.0.0.202105311346/tools/bin/../lib/gcc/arm-none-eabi/9.3.1/../../../../arm-none-eabi/lib/thumb/v7-m/nofp\libc_nano.a(lib_a-nano-mallocr.o)
 .debug_frame   0x0000000000003734       0x3c d:/embedded/stm32cubeide_1.7.0/stm32cubeide/plugins/com.st.stm32cube.ide.mcu.externaltools.gnu-tools-for-stm32.9-2020-q2-update.win32_2.0.0.202105311346/tools/bin/../lib/gcc/arm-none-eabi/9.3.1/../../../../arm-none-eabi/lib/thumb/v7-m/nofp\libc_nano.a(lib_a-nano-reallocr.o)
 .debug_frame   0x0000000000003770       0x2c d:/embedded/stm32cubeide_1.7.0/stm32cubeide/plugins/com.st.stm32cube.ide.mcu.externaltools.gnu-tools-for-stm32.9-2020-q2-update.win32_2.0.0.202105311346/tools/bin/../lib/gcc/arm-none-eabi/9.3.1/../../../../arm-none-eabi/lib/thumb/v7-m/nofp\libc_nano.a(lib_a-sbrkr.o)
 .debug_frame   0x000000000000379c       0x30 d:/embedded/stm32cubeide_1.7.0/stm32cubeide/plugins/com.st.stm32cube.ide.mcu.externaltools.gnu-tools-for-stm32.9-2020-q2-update.win32_2.0.0.202105311346/tools/bin/../lib/gcc/arm-none-eabi/9.3.1/../../../../arm-none-eabi/lib/thumb/v7-m/nofp\libc_nano.a(lib_a-mlock.o)
 .debug_frame   0x00000000000037cc       0x20 d:/embedded/stm32cubeide_1.7.0/stm32cubeide/plugins/com.st.stm32cube.ide.mcu.externaltools.gnu-tools-for-stm32.9-2020-q2-update.win32_2.0.0.202105311346/tools/bin/../lib/gcc/arm-none-eabi/9.3.1/../../../../arm-none-eabi/lib/thumb/v7-m/nofp\libc_nano.a(lib_a-nano-msizer.o)
 .debug_frame   0x00000000000037ec       0x5c d:/embedded/stm32cubeide_1.7.0/stm32cubeide/plugins/com.st.stm32cube.ide.mcu.externaltools.gnu-tools-for-stm32.9-2020-q2-update.win32_2.0.0.202105311346/tools/bin/../lib/gcc/arm-none-eabi/9.3.1/../../../../arm-none-eabi/lib/thumb/v7-m/nofp\libc_nano.a(lib_a-reent.o)
 .debug_frame   0x0000000000003848       0xb0 d:/embedded/stm32cubeide_1.7.0/stm32cubeide/plugins/com.st.stm32cube.ide.mcu.externaltools.gnu-tools-for-stm32.9-2020-q2-update.win32_2.0.0.202105311346/tools/bin/../lib/gcc/arm-none-eabi/9.3.1/../../../../arm-none-eabi/lib/thumb/v7-m/nofp\libc_nano.a(lib_a-lock.o)
 .debug_frame   0x00000000000038f8       0x4c d:/embedded/stm32cubeide_1.7.0/stm32cubeide/plugins/com.st.stm32cube.ide.mcu.externaltools.gnu-tools-for-stm32.9-2020-q2-update.win32_2.0.0.202105311346/tools/bin/../lib/gcc/arm-none-eabi/9.3.1/thumb/v7-m/nofp\libgcc.a(_arm_addsubsf3.o)